Component: ARM Compiler 5.06 update 5 (build 528) Tool: armlink [4d35e2]

==============================================================================

Section Cross References

    camera.o(i.INIT_Camera) refers to controlpins.o(i.ControlPin_SI_Init) for ControlPin_SI_Init
    camera.o(i.INIT_Camera) refers to controlpins.o(i.ControlPin_CLK_Init) for ControlPin_CLK_Init
    camera.o(i.INIT_Camera) refers to adc14.o(i.ADC0_InitSWTriggerCh6) for ADC0_InitSWTriggerCh6
    camera.o(i.INIT_Camera) refers to controlpins.o(.data) for g_sendData
    camera.o(i.PORT1_IRQHandler) refers to motor.o(i.Toggle_Motor) for Toggle_Motor
    camera.o(i.PORT1_IRQHandler) refers to camera.o(.data) for SW1
    camera.o(i.Switch1_Interrupt_Init) refers to cortexm.o(.emb_text) for DisableInterrupts
    camera.o(i.Switch1_Interrupt_Init) refers to switches.o(i.Switch1_Init) for Switch1_Init
    camera.o(i.Switch2_Interrupt_Init) refers to cortexm.o(.emb_text) for DisableInterrupts
    camera.o(i.Switch2_Interrupt_Init) refers to switches.o(i.Switch2_Init) for Switch2_Init
    camera.o(i.main) refers to cortexm.o(.emb_text) for DisableInterrupts
    camera.o(i.main) refers to uart.o(i.uart0_init) for uart0_init
    camera.o(i.main) refers to uart.o(i.uart2_init) for uart2_init
    camera.o(i.main) refers to uart.o(i.uart0_put) for uart0_put
    camera.o(i.main) refers to uart.o(i.uart2_put) for uart2_put
    camera.o(i.main) refers to leds.o(i.LED1_Init) for LED1_Init
    camera.o(i.main) refers to leds.o(i.LED2_Init) for LED2_Init
    camera.o(i.main) refers to servomotor.o(i.servo_init) for servo_init
    camera.o(i.main) refers to motor.o(i.motor_init) for motor_init
    camera.o(i.main) refers to switches.o(i.Switch1_Init) for Switch1_Init
    camera.o(i.main) refers to switches.o(i.Switch2_Init) for Switch2_Init
    camera.o(i.main) refers to camera.o(i.Switch1_Interrupt_Init) for Switch1_Interrupt_Init
    camera.o(i.main) refers to camera.o(i.Switch2_Interrupt_Init) for Switch2_Interrupt_Init
    camera.o(i.main) refers to camera.o(i.INIT_Camera) for INIT_Camera
    camera.o(i.main) refers to camera.o(i.runningAverage) for runningAverage
    camera.o(i.main) refers to motor.o(i.Toggle_Motor) for Toggle_Motor
    camera.o(i.main) refers to f2d.o(x$fpl$f2d) for __aeabi_f2d
    camera.o(i.main) refers to dmul.o(x$fpl$dmul) for __aeabi_dmul
    camera.o(i.main) refers to daddsub_clz.o(x$fpl$dadd) for __aeabi_dadd
    camera.o(i.main) refers to d2f.o(x$fpl$d2f) for __aeabi_d2f
    camera.o(i.main) refers to servomotor.o(i.servo_turn) for servo_turn
    camera.o(i.main) refers to drleqf.o(x$fpl$drleqf) for __aeabi_cdrcmple
    camera.o(i.main) refers to timera.o(i.TIMER_A0_PWM_DutyCycle) for TIMER_A0_PWM_DutyCycle
    camera.o(i.main) refers to dleqf.o(x$fpl$dleqf) for __aeabi_cdcmple
    camera.o(i.main) refers to camera.o(.bss) for data
    camera.o(i.main) refers to controlpins.o(.bss) for line
    camera.o(i.main) refers to camera.o(.data) for SW1
    camera.o(i.runningAverage) refers to dflt_clz.o(x$fpl$dfltu) for __aeabi_ui2d
    camera.o(i.runningAverage) refers to dmul.o(x$fpl$dmul) for __aeabi_dmul
    camera.o(i.runningAverage) refers to dfix.o(x$fpl$dfix) for __aeabi_d2iz
    controlpins.o(i.CLK_Handler) refers to adc14.o(i.ADC_In) for ADC_In
    controlpins.o(i.CLK_Handler) refers to systicktimer.o(i.DisableSysTickTimer) for DisableSysTickTimer
    controlpins.o(i.CLK_Handler) refers to controlpins.o(.bss) for line
    controlpins.o(i.CLK_Handler) refers to controlpins.o(.data) for pixelCounter
    controlpins.o(i.ControlPin_CLK_Init) refers to timer32.o(i.CalcPeriodFromFrequency) for CalcPeriodFromFrequency
    controlpins.o(i.ControlPin_CLK_Init) refers to systicktimer.o(i.SysTickTimer_Init) for SysTickTimer_Init
    controlpins.o(i.ControlPin_CLK_Init) refers to systicktimer.o(i.DisableSysTickTimer) for DisableSysTickTimer
    controlpins.o(i.ControlPin_CLK_Init) refers to controlpins.o(i.CLK_Handler) for CLK_Handler
    controlpins.o(i.ControlPin_SI_Init) refers to timer32.o(i.CalcPeriodFromFrequency) for CalcPeriodFromFrequency
    controlpins.o(i.ControlPin_SI_Init) refers to timer32.o(i.Timer32_1_Init) for Timer32_1_Init
    controlpins.o(i.ControlPin_SI_Init) refers to controlpins.o(i.SI_Handler) for SI_Handler
    controlpins.o(i.SI_Handler) refers to systicktimer.o(i.EnableSysTickTimer) for EnableSysTickTimer
    cortexm.o(i.Clock_Delay1ms) refers to cortexm.o(.emb_text) for delay
    leds.o(i.LED2_On) refers to leds.o(i.LED2_Off) for LED2_Off
    systicktimer.o(i.SysTickTimer_Init) refers to cortexm.o(.emb_text) for StartCritical
    systicktimer.o(i.SysTickTimer_Init) refers to systicktimer.o(i.DisableSysTickTimer) for DisableSysTickTimer
    systicktimer.o(i.SysTickTimer_Init) refers to systicktimer.o(i.EnableSysTickTimer) for EnableSysTickTimer
    systicktimer.o(i.SysTickTimer_Init) refers to systicktimer.o(.data) for SysTickPeriodicTask
[...]
    oled.o(i.OLED_sendCommand) refers to i2c.o(i.i2c0_put) for i2c0_put
    oled.o(i.OLED_sendData) refers to i2c.o(i.i2c0_put) for i2c0_put
    oled.o(i.OLED_write_display) refers to i2c.o(i.i2c0_put) for i2c0_put
    oled.o(i.draw_1d_data) refers to rt_memclr.o(.text) for __aeabi_memclr
    oled.o(i.draw_1d_data) refers to dflt_clz.o(x$fpl$dflt) for __aeabi_i2d
    oled.o(i.draw_1d_data) refers to floor.o(i.__hardfp_floor) for __hardfp_floor
    oled.o(i.draw_1d_data) refers to daddsub_clz.o(x$fpl$drsb) for __aeabi_drsub
    oled.o(i.draw_1d_data) refers to dfix.o(x$fpl$dfix) for __aeabi_d2iz
    oled.o(i.draw_1d_data) refers to oled.o(.bss) for OLED_GRAPH_ARR
    startup_msp432p4111_uvision.o(STACK) refers (Special) to heapauxi.o(.text) for __use_two_region_memory
    startup_msp432p4111_uvision.o(HEAP) refers (Special) to heapauxi.o(.text) for __use_two_region_memory
    startup_msp432p4111_uvision.o(RESET) refers (Special) to heapauxi.o(.text) for __use_two_region_memory
    startup_msp432p4111_uvision.o(RESET) refers to startup_msp432p4111_uvision.o(STACK) for __initial_sp
    startup_msp432p4111_uvision.o(RESET) refers to startup_msp432p4111_uvision.o(.text) for Reset_Handler
    startup_msp432p4111_uvision.o(RESET) refers to systicktimer.o(i.SysTick_Handler) for SysTick_Handler
    startup_msp432p4111_uvision.o(RESET) refers to timer32.o(i.T32_INT1_IRQHandler) for T32_INT1_IRQHandler
    startup_msp432p4111_uvision.o(RESET) refers to timer32.o(i.T32_INT2_IRQHandler) for T32_INT2_IRQHandler
    startup_msp432p4111_uvision.o(RESET) refers to camera.o(i.PORT1_IRQHandler) for PORT1_IRQHandler
    startup_msp432p4111_uvision.o(.text) refers (Special) to heapauxi.o(.text) for __use_two_region_memory
    startup_msp432p4111_uvision.o(.text) refers to system_msp432p4111.o(i.SystemInit) for SystemInit
    startup_msp432p4111_uvision.o(.text) refers to __main.o(!!!main) for __main
    startup_msp432p4111_uvision.o(.text) refers to startup_msp432p4111_uvision.o(HEAP) for Heap_Mem
    startup_msp432p4111_uvision.o(.text) refers to startup_msp432p4111_uvision.o(STACK) for Stack_Mem
    system_msp432p4111.o(i.SystemCoreClockUpdate) refers to system_msp432p4111.o(.data) for SystemCoreClock
    rt_memclr.o(.text) refers to rt_memclr_w.o(.text) for _memset_w
    __main.o(!!!main) refers to __rtentry.o(.ARM.Collect$$rtentry$$00000000) for __rt_entry
    d2f.o(x$fpl$d2f) refers (Special) to usenofp.o(x$fpl$usenofp) for __I$use$fp
    d2f.o(x$fpl$d2f) refers to fretinf.o(x$fpl$fretinf) for __fpl_fretinf
    d2f.o(x$fpl$d2f) refers to dnaninf.o(x$fpl$dnaninf) for __fpl_dnaninf
    daddsub_clz.o(x$fpl$dadd) refers (Special) to usenofp.o(x$fpl$usenofp) for __I$use$fp
    daddsub_clz.o(x$fpl$dadd) refers to daddsub_clz.o(x$fpl$dsub) for _dsub1
    daddsub_clz.o(x$fpl$dadd) refers to dretinf.o(x$fpl$dretinf) for __fpl_dretinf
    daddsub_clz.o(x$fpl$dadd) refers to dnaninf.o(x$fpl$dnaninf) for __fpl_dnaninf
    daddsub_clz.o(x$fpl$drsb) refers (Special) to usenofp.o(x$fpl$usenofp) for __I$use$fp
    daddsub_clz.o(x$fpl$drsb) refers to daddsub_clz.o(x$fpl$dadd) for _dadd1
    daddsub_clz.o(x$fpl$drsb) refers to daddsub_clz.o(x$fpl$dsub) for _dsub1
    daddsub_clz.o(x$fpl$dsub) refers (Special) to usenofp.o(x$fpl$usenofp) for __I$use$fp
    daddsub_clz.o(x$fpl$dsub) refers to daddsub_clz.o(x$fpl$dadd) for _dadd1
    daddsub_clz.o(x$fpl$dsub) refers to dnaninf.o(x$fpl$dnaninf) for __fpl_dnaninf
    ddiv.o(x$fpl$drdiv) refers (Special) to usenofp.o(x$fpl$usenofp) for __I$use$fp
    ddiv.o(x$fpl$drdiv) refers to ddiv.o(x$fpl$ddiv) for ddiv_entry
    ddiv.o(x$fpl$ddiv) refers (Special) to usenofp.o(x$fpl$usenofp) for __I$use$fp
    ddiv.o(x$fpl$ddiv) refers to dretinf.o(x$fpl$dretinf) for __fpl_dretinf
    ddiv.o(x$fpl$ddiv) refers to dnaninf.o(x$fpl$dnaninf) for __fpl_dnaninf
    dfix.o(x$fpl$dfix) refers (Special) to usenofp.o(x$fpl$usenofp) for __I$use$fp
    dfix.o(x$fpl$dfix) refers to dnaninf.o(x$fpl$dnaninf) for __fpl_dnaninf
    dfix.o(x$fpl$dfixr) refers (Special) to usenofp.o(x$fpl$usenofp) for __I$use$fp
    dfix.o(x$fpl$dfixr) refers to dnaninf.o(x$fpl$dnaninf) for __fpl_dnaninf
    dfixu.o(x$fpl$dfixu) refers (Special) to usenofp.o(x$fpl$usenofp) for __I$use$fp
    dfixu.o(x$fpl$dfixu) refers to dnaninf.o(x$fpl$dnaninf) for __fpl_dnaninf
    dfixu.o(x$fpl$dfixur) refers (Special) to usenofp.o(x$fpl$usenofp) for __I$use$fp
    dfixu.o(x$fpl$dfixur) refers to dnaninf.o(x$fpl$dnaninf) for __fpl_dnaninf
    dflt_clz.o(x$fpl$dfltu) refers (Special) to usenofp.o(x$fpl$usenofp) for __I$use$fp
    dflt_clz.o(x$fpl$dflt) refers (Special) to usenofp.o(x$fpl$usenofp) for __I$use$fp
    dflt_clz.o(x$fpl$dfltn) refers (Special) to usenofp.o(x$fpl$usenofp) for __I$use$fp
    dleqf.o(x$fpl$dleqf) refers (Special) to usenofp.o(x$fpl$usenofp) for __I$use$fp
    dleqf.o(x$fpl$dleqf) refers to dnaninf.o(x$fpl$dnaninf) for __fpl_dnaninf
    dleqf.o(x$fpl$dleqf) refers to dcmpi.o(x$fpl$dcmpinf) for __fpl_dcmp_Inf
    dmul.o(x$fpl$dmul) refers (Special) to usenofp.o(x$fpl$usenofp) for __I$use$fp
    dmul.o(x$fpl$dmul) refers to dretinf.o(x$fpl$dretinf) for __fpl_dretinf
    dmul.o(x$fpl$dmul) refers to dnaninf.o(x$fpl$dnaninf) for __fpl_dnaninf
    drleqf.o(x$fpl$drleqf) refers (Special) to usenofp.o(x$fpl$usenofp) for __I$use$fp
    drleqf.o(x$fpl$drleqf) refers to dleqf.o(x$fpl$dleqf) for __fpl_dcmple_InfNaN
    f2d.o(x$fpl$f2d) refers (Special) to usenofp.o(x$fpl$usenofp) for __I$use$fp
    f2d.o(x$fpl$f2d) refers to fnaninf.o(x$fpl$fnaninf) for __fpl_fnaninf
    f2d.o(x$fpl$f2d) refers to dretinf.o(x$fpl$dretinf) for __fpl_dretinf
    floor.o(i.__hardfp_floor) refers (Special) to usenofp.o(x$fpl$usenofp) for __I$use$fp
    floor.o(i.__hardfp_floor) refers to daddsub_clz.o(x$fpl$dadd) for __aeabi_dadd
    floor.o(i.__hardfp_floor) refers to drleqf.o(x$fpl$drleqf) for __aeabi_cdrcmple
    floor.o(i.__hardfp_floor) refers to daddsub_clz.o(x$fpl$drsb) for __aeabi_drsub
    floor.o(i.__softfp_floor) refers (Special) to usenofp.o(x$fpl$usenofp) for __I$use$fp
    floor.o(i.__softfp_floor) refers to floor.o(i.__hardfp_floor) for __hardfp_floor
    floor.o(i.floor) refers (Special) to usenofp.o(x$fpl$usenofp) for __I$use$fp
    floor.o(i.floor) refers to floor.o(i.__hardfp_floor) for __hardfp_floor
    __rtentry.o(.ARM.Collect$$rtentry$$00000000) refers (Special) to __rtentry2.o(.ARM.Collect$$rtentry$$0000000A) for __rt_entry_li
    __rtentry.o(.ARM.Collect$$rtentry$$00000000) refers (Special) to __rtentry2.o(.ARM.Collect$$rtentry$$0000000D) for __rt_entry_main
    __rtentry.o(.ARM.Collect$$rtentry$$00000000) refers (Special) to __rtentry2.o(.ARM.Collect$$rtentry$$0000000C) for __rt_entry_postli_1
    __rtentry.o(.ARM.Collect$$rtentry$$00000000) refers (Special) to __rtentry2.o(.ARM.Collect$$rtentry$$00000009) for __rt_entry_postsh_1
    __rtentry.o(.ARM.Collect$$rtentry$$00000000) refers (Special) to __rtentry2.o(.ARM.Collect$$rtentry$$00000002) for __rt_entry_presh_1
    __rtentry.o(.ARM.Collect$$rtentry$$00000000) refers (Special) to __rtentry4.o(.ARM.Collect$$rtentry$$00000004) for __rt_entry_sh
    dcmpi.o(x$fpl$dcmpinf) refers (Special) to usenofp.o(x$fpl$usenofp) for __I$use$fp
    dnaninf.o(x$fpl$dnaninf) refers (Special) to usenofp.o(x$fpl$usenofp) for __I$use$fp
    dretinf.o(x$fpl$dretinf) refers (Special) to usenofp.o(x$fpl$usenofp) for __I$use$fp
    fnaninf.o(x$fpl$fnaninf) refers (Special) to usenofp.o(x$fpl$usenofp) for __I$use$fp
    fretinf.o(x$fpl$fretinf) refers (Special) to usenofp.o(x$fpl$usenofp) for __I$use$fp
    __rtentry2.o(.ARM.Collect$$rtentry$$00000008) refers to boardinit2.o(.text) for _platform_post_stackheap_init
    __rtentry2.o(.ARM.Collect$$rtentry$$0000000A) refers to libinit.o(.ARM.Collect$$libinit$$00000000) for __rt_lib_init
    __rtentry2.o(.ARM.Collect$$rtentry$$0000000B) refers to boardinit3.o(.text) for _platform_post_lib_init
    __rtentry2.o(.ARM.Collect$$rtentry$$0000000D) refers to camera.o(i.main) for main
    __rtentry2.o(.ARM.Collect$$rtentry$$0000000D) refers to exit.o(.text) for exit
    __rtentry2.o(.ARM.exidx) refers to __rtentry2.o(.ARM.Collect$$rtentry$$00000001) for .ARM.Collect$$rtentry$$00000001
    __rtentry2.o(.ARM.exidx) refers to __rtentry2.o(.ARM.Collect$$rtentry$$00000008) for .ARM.Collect$$rtentry$$00000008
    __rtentry2.o(.ARM.exidx) refers to __rtentry2.o(.ARM.Collect$$rtentry$$0000000A) for .ARM.Collect$$rtentry$$0000000A
    __rtentry2.o(.ARM.exidx) refers to __rtentry2.o(.ARM.Collect$$rtentry$$0000000B) for .ARM.Collect$$rtentry$$0000000B
    __rtentry2.o(.ARM.exidx) refers to __rtentry2.o(.ARM.Collect$$rtentry$$0000000D) for .ARM.Collect$$rtentry$$0000000D
    __rtentry4.o(.ARM.Collect$$rtentry$$00000004) refers to sys_stackheap_outer.o(.text) for __user_setup_stackheap
    __rtentry4.o(.ARM.exidx) refers to __rtentry4.o(.ARM.Collect$$rtentry$$00000004) for .ARM.Collect$$rtentry$$00000004
    sys_stackheap_outer.o(.text) refers to libspace.o(.text) for __user_perproc_libspace
    sys_stackheap_outer.o(.text) refers to startup_msp432p4111_uvision.o(.text) for __user_initial_stackheap
    exit.o(.text) refers to rtexit.o(.ARM.Collect$$rtexit$$00000000) for __rt_exit
    libinit.o(.ARM.Collect$$libinit$$00000000) refers (Special) to libinit2.o(.ARM.Collect$$libinit$$0000002E) for __rt_lib_init_alloca_1
    libinit.o(.ARM.Collect$$libinit$$00000000) refers (Special) to libinit2.o(.ARM.Collect$$libinit$$0000002C) for __rt_lib_init_argv_1
    libinit.o(.ARM.Collect$$libinit$$00000000) refers (Special) to libinit2.o(.ARM.Collect$$libinit$$0000001B) for __rt_lib_init_atexit_1
    libinit.o(.ARM.Collect$$libinit$$00000000) refers (Special) to libinit2.o(.ARM.Collect$$libinit$$00000021) for __rt_lib_init_clock_1
    libinit.o(.ARM.Collect$$libinit$$00000000) refers (Special) to libinit2.o(.ARM.Collect$$libinit$$00000032) for __rt_lib_init_cpp_1
    libinit.o(.ARM.Collect$$libinit$$00000000) refers (Special) to libinit2.o(.ARM.Collect$$libinit$$00000030) for __rt_lib_init_exceptions_1
    libinit.o(.ARM.Collect$$libinit$$00000000) refers (Special) to libinit2.o(.ARM.Collect$$libinit$$00000001) for __rt_lib_init_fp_1
    libinit.o(.ARM.Collect$$libinit$$00000000) refers (Special) to libinit2.o(.ARM.Collect$$libinit$$0000001F) for __rt_lib_init_fp_trap_1
    libinit.o(.ARM.Collect$$libinit$$00000000) refers (Special) to libinit2.o(.ARM.Collect$$libinit$$00000023) for __rt_lib_init_getenv_1
    libinit.o(.ARM.Collect$$libinit$$00000000) refers (Special) to libinit2.o(.ARM.Collect$$libinit$$0000000A) for __rt_lib_init_heap_1
    libinit.o(.ARM.Collect$$libinit$$00000000) refers (Special) to libinit2.o(.ARM.Collect$$libinit$$00000011) for __rt_lib_init_lc_collate_1
    libinit.o(.ARM.Collect$$libinit$$00000000) refers (Special) to libinit2.o(.ARM.Collect$$libinit$$00000013) for __rt_lib_init_lc_ctype_1
    libinit.o(.ARM.Collect$$libinit$$00000000) refers (Special) to libinit2.o(.ARM.Collect$$libinit$$00000015) for __rt_lib_init_lc_monetary_1
    libinit.o(.ARM.Collect$$libinit$$00000000) refers (Special) to libinit2.o(.ARM.Collect$$libinit$$00000017) for __rt_lib_init_lc_numeric_1
    libinit.o(.ARM.Collect$$libinit$$00000000) refers (Special) to libinit2.o(.ARM.Collect$$libinit$$00000019) for __rt_lib_init_lc_time_1
    libinit.o(.ARM.Collect$$libinit$$00000000) refers (Special) to libinit2.o(.ARM.Collect$$libinit$$00000004) for __rt_lib_init_preinit_1
    libinit.o(.ARM.Collect$$libinit$$00000000) refers (Special) to libinit2.o(.ARM.Collect$$libinit$$0000000E) for __rt_lib_init_rand_1
    libinit.o(.ARM.Collect$$libinit$$00000000) refers (Special) to libinit2.o(.ARM.Collect$$libinit$$00000033) for __rt_lib_init_return
    libinit.o(.ARM.Collect$$libinit$$00000000) refers (Special) to libinit2.o(.ARM.Collect$$libinit$$0000001D) for __rt_lib_init_signal_1
    libinit.o(.ARM.Collect$$libinit$$00000000) refers (Special) to libinit2.o(.ARM.Collect$$libinit$$00000025) for __rt_lib_init_stdio_1
    libinit.o(.ARM.Collect$$libinit$$00000000) refers (Special) to libinit2.o(.ARM.Collect$$libinit$$0000000C) for __rt_lib_init_user_alloc_1
    libspace.o(.text) refers to libspace.o(.bss) for __libspace_start
    rtexit.o(.ARM.Collect$$rtexit$$00000000) refers (Special) to rtexit2.o(.ARM.Collect$$rtexit$$00000004) for __rt_exit_exit
    rtexit.o(.ARM.Collect$$rtexit$$00000000) refers (Special) to rtexit2.o(.ARM.Collect$$rtexit$$00000003) for __rt_exit_ls
    rtexit.o(.ARM.Collect$$rtexit$$00000000) refers (Special) to rtexit2.o(.ARM.Collect$$rtexit$$00000002) for __rt_exit_prels_1
    rtexit.o(.ARM.exidx) refers (Special) to rtexit2.o(.ARM.Collect$$rtexit$$00000004) for __rt_exit_exit
    rtexit.o(.ARM.exidx) refers (Special) to rtexit2.o(.ARM.Collect$$rtexit$$00000003) for __rt_exit_ls
    rtexit.o(.ARM.exidx) refers (Special) to rtexit2.o(.ARM.Collect$$rtexit$$00000002) for __rt_exit_prels_1
    rtexit.o(.ARM.exidx) refers to rtexit.o(.ARM.Collect$$rtexit$$00000000) for .ARM.Collect$$rtexit$$00000000
    libinit2.o(.ARM.Collect$$libinit$$00000001) refers to fpinit.o(x$fpl$fpinit) for _fp_init
    libinit2.o(.ARM.Collect$$libinit$$00000010) refers to libinit2.o(.ARM.Collect$$libinit$$0000000F) for .ARM.Collect$$libinit$$0000000F
    libinit2.o(.ARM.Collect$$libinit$$00000012) refers to libinit2.o(.ARM.Collect$$libinit$$0000000F) for .ARM.Collect$$libinit$$0000000F
    libinit2.o(.ARM.Collect$$libinit$$00000014) refers to libinit2.o(.ARM.Collect$$libinit$$0000000F) for .ARM.Collect$$libinit$$0000000F
    libinit2.o(.ARM.Collect$$libinit$$00000016) refers to libinit2.o(.ARM.Collect$$libinit$$0000000F) for .ARM.Collect$$libinit$$0000000F
    libinit2.o(.ARM.Collect$$libinit$$00000018) refers to libinit2.o(.ARM.Collect$$libinit$$0000000F) for .ARM.Collect$$libinit$$0000000F
    libinit2.o(.ARM.Collect$$libinit$$00000026) refers to argv_veneer.o(.emb_text) for __ARM_argv_veneer
    libinit2.o(.ARM.Collect$$libinit$$00000027) refers to argv_veneer.o(.emb_text) for __ARM_argv_veneer
    rtexit2.o(.ARM.Collect$$rtexit$$00000003) refers to libshutdown.o(.ARM.Collect$$libshutdown$$00000000) for __rt_lib_shutdown
    rtexit2.o(.ARM.Collect$$rtexit$$00000004) refers to sys_exit.o(.text) for _sys_exit
    rtexit2.o(.ARM.exidx) refers to rtexit2.o(.ARM.Collect$$rtexit$$00000001) for .ARM.Collect$$rtexit$$00000001
    rtexit2.o(.ARM.exidx) refers to rtexit2.o(.ARM.Collect$$rtexit$$00000003) for .ARM.Collect$$rtexit$$00000003
    rtexit2.o(.ARM.exidx) refers to rtexit2.o(.ARM.Collect$$rtexit$$00000004) for .ARM.Collect$$rtexit$$00000004
    argv_veneer.o(.emb_text) refers to no_argv.o(.text) for __ARM_get_argv
    sys_exit.o(.text) refers (Special) to use_no_semi.o(.text) for __I$use$semihosting
    sys_exit.o(.text) refers (Special) to indicate_semi.o(.text) for __semihosting_library_function
    _get_argv_nomalloc.o(.text) refers (Special) to hrguard.o(.text) for __heap_region$guard
    _get_argv_nomalloc.o(.text) refers to defsig_rtmem_outer.o(.text) for __rt_SIGRTMEM
    _get_argv_nomalloc.o(.text) refers to sys_command.o(.text) for _sys_command_string
    libshutdown.o(.ARM.Collect$$libshutdown$$00000000) refers (Special) to libshutdown2.o(.ARM.Collect$$libshutdown$$00000002) for __rt_lib_shutdown_cpp_1
    libshutdown.o(.ARM.Collect$$libshutdown$$00000000) refers (Special) to libshutdown2.o(.ARM.Collect$$libshutdown$$00000007) for __rt_lib_shutdown_fp_trap_1
    libshutdown.o(.ARM.Collect$$libshutdown$$00000000) refers (Special) to libshutdown2.o(.ARM.Collect$$libshutdown$$0000000F) for __rt_lib_shutdown_heap_1
    libshutdown.o(.ARM.Collect$$libshutdown$$00000000) refers (Special) to libshutdown2.o(.ARM.Collect$$libshutdown$$00000010) for __rt_lib_shutdown_return
    libshutdown.o(.ARM.Collect$$libshutdown$$00000000) refers (Special) to libshutdown2.o(.ARM.Collect$$libshutdown$$0000000A) for __rt_lib_shutdown_signal_1
    libshutdown.o(.ARM.Collect$$libshutdown$$00000000) refers (Special) to libshutdown2.o(.ARM.Collect$$libshutdown$$00000004) for __rt_lib_shutdown_stdio_1
    libshutdown.o(.ARM.Collect$$libshutdown$$00000000) refers (Special) to libshutdown2.o(.ARM.Collect$$libshutdown$$0000000C) for __rt_lib_shutdown_user_alloc_1
    sys_command.o(.text) refers (Special) to use_no_semi.o(.text) for __I$use$semihosting
    sys_command.o(.text) refers (Special) to indicate_semi.o(.text) for __semihosting_library_function
    defsig_rtmem_outer.o(.text) refers to defsig_rtmem_inner.o(.text) for __rt_SIGRTMEM_inner
    defsig_rtmem_outer.o(.text) refers to defsig_exit.o(.text) for __sig_exit
    defsig_rtmem_formal.o(.text) refers to rt_raise.o(.text) for __rt_raise
    rt_raise.o(.text) refers to __raise.o(.text) for __raise
    rt_raise.o(.text) refers to sys_exit.o(.text) for _sys_exit
    defsig_exit.o(.text) refers to sys_exit.o(.text) for _sys_exit
    defsig_rtmem_inner.o(.text) refers to defsig_general.o(.text) for __default_signal_display
    __raise.o(.text) refers to defsig.o(CL$$defsig) for __default_signal_handler
    defsig_general.o(.text) refers to sys_wrch.o(.text) for _ttywrch
    sys_wrch.o(.text) refers (Special) to use_no_semi.o(.text) for __I$use$semihosting
    sys_wrch.o(.text) refers (Special) to indicate_semi.o(.text) for __semihosting_library_function
    defsig.o(CL$$defsig) refers to defsig_rtmem_inner.o(.text) for __rt_SIGRTMEM_inner
    defsig_abrt_inner.o(.text) refers to defsig_general.o(.text) for __default_signal_display
    defsig_fpe_inner.o(.text) refers to defsig_general.o(.text) for __default_signal_display
    defsig_rtred_inner.o(.text) refers to defsig_general.o(.text) for __default_signal_display
    defsig_stak_inner.o(.text) refers to defsig_general.o(.text) for __default_signal_display
    defsig_pvfn_inner.o(.text) refers to defsig_general.o(.text) for __default_signal_display
    defsig_cppl_inner.o(.text) refers to defsig_general.o(.text) for __default_signal_display
    defsig_segv_inner.o(.text) refers to defsig_general.o(.text) for __default_signal_display
    defsig_other.o(.text) refers to defsig_general.o(.text) for __default_signal_display


==============================================================================

Removing Unused input sections from the image.

    Removing adc14.o(.rev16_text), (4 bytes).
    Removing adc14.o(.revsh_text), (4 bytes).
    Removing adc14.o(.rrx_text), (6 bytes).
    Removing camera.o(.rev16_text), (4 bytes).
    Removing camera.o(.revsh_text), (4 bytes).
    Removing camera.o(.rrx_text), (6 bytes).
    Removing camera.o(i.myDelay), (32 bytes).
    Removing controlpins.o(.rev16_text), (4 bytes).
    Removing controlpins.o(.revsh_text), (4 bytes).
    Removing controlpins.o(.rrx_text), (6 bytes).
    Removing cortexm.o(i.Clock_Delay1ms), (22 bytes).
    Removing leds.o(.rev16_text), (4 bytes).
    Removing leds.o(.revsh_text), (4 bytes).
    Removing leds.o(.rrx_text), (6 bytes).
    Removing leds.o(i.LED1_Off), (20 bytes).
    Removing leds.o(i.LED1_On), (20 bytes).
    Removing leds.o(i.LED1_State), (16 bytes).
    Removing leds.o(i.LED2_Off), (40 bytes).
    Removing leds.o(i.LED2_On), (112 bytes).
    Removing systicktimer.o(.rev16_text), (4 bytes).
    Removing systicktimer.o(.revsh_text), (4 bytes).
    Removing systicktimer.o(.rrx_text), (6 bytes).
    Removing timer32.o(.rev16_text), (4 bytes).
    Removing timer32.o(.revsh_text), (4 bytes).
    Removing timer32.o(.rrx_text), (6 bytes).
    Removing timer32.o(i.MS_Timeout_Handler), (12 bytes).
    Removing timer32.o(i.Timer32_2_Init), (92 bytes).
    Removing uart.o(.rev16_text), (4 bytes).
    Removing uart.o(.revsh_text), (4 bytes).
    Removing uart.o(.rrx_text), (6 bytes).
    Removing uart.o(i.uart0_dataAvailable), (20 bytes).
    Removing uart.o(i.uart0_getchar), (28 bytes).
    Removing uart.o(i.uart2_dataAvailable), (20 bytes).
    Removing uart.o(i.uart2_getchar), (28 bytes).
    Removing servomotor.o(.rev16_text), (4 bytes).
    Removing servomotor.o(.revsh_text), (4 bytes).
    Removing servomotor.o(.rrx_text), (6 bytes).
    Removing servomotor.o(i.servo_2center), (24 bytes).
    Removing servomotor.o(i.servo_2left), (64 bytes).
    Removing servomotor.o(i.servo_2right), (64 bytes).
    Removing timera.o(.rev16_text), (4 bytes).
    Removing timera.o(.revsh_text), (4 bytes).
    Removing timera.o(.rrx_text), (6 bytes).
    Removing motor.o(.rev16_text), (4 bytes).
    Removing motor.o(.revsh_text), (4 bytes).
    Removing motor.o(.rrx_text), (6 bytes).
    Removing motor.o(i.reverse), (32 bytes).
    Removing i2c.o(.rev16_text), (4 bytes).
    Removing i2c.o(.revsh_text), (4 bytes).
    Removing i2c.o(.rrx_text), (6 bytes).
    Removing i2c.o(i.i2c0_Init), (248 bytes).
    Removing i2c.o(i.i2c0_put), (104 bytes).
    Removing i2c.o(i.i2c0_putchar), (24 bytes).
    Removing oled.o(.rev16_text), (4 bytes).
    Removing oled.o(.revsh_text), (4 bytes).
    Removing oled.o(.rrx_text), (6 bytes).
    Removing oled.o(i.OLED_ClearTextArr), (20 bytes).
    Removing oled.o(i.OLED_DisplayCameraData), (24 bytes).
    Removing oled.o(i.OLED_Init), (288 bytes).
    Removing oled.o(i.OLED_Print), (48 bytes).
    Removing oled.o(i.OLED_PrintLine), (72 bytes).
    Removing oled.o(i.OLED_display_clear), (24 bytes).
    Removing oled.o(i.OLED_display_off), (10 bytes).
    Removing oled.o(i.OLED_display_on), (10 bytes).
    Removing oled.o(i.OLED_draw), (92 bytes).
    Removing oled.o(i.OLED_draw_line), (42 bytes).
    Removing oled.o(i.OLED_sendCommand), (24 bytes).
    Removing oled.o(i.OLED_sendData), (42 bytes).
    Removing oled.o(i.OLED_write_display), (38 bytes).
    Removing oled.o(i.draw_1d_data), (176 bytes).
    Removing oled.o(.bss), (3132 bytes).
    Removing oled.o(.data), (1528 bytes).
    Removing switches.o(.rev16_text), (4 bytes).
    Removing switches.o(.revsh_text), (4 bytes).
    Removing switches.o(.rrx_text), (6 bytes).
    Removing switches.o(i.Switch1_Pressed), (20 bytes).
    Removing switches.o(i.Switch2_Pressed), (20 bytes).
    Removing system_msp432p4111.o(.rev16_text), (4 bytes).
    Removing system_msp432p4111.o(.revsh_text), (4 bytes).
    Removing system_msp432p4111.o(.rrx_text), (6 bytes).
    Removing system_msp432p4111.o(i.SystemCoreClockUpdate), (628 bytes).

81 unused section(s) (total 7456 bytes) removed from the image.

==============================================================================

Image Symbol Table

    Local Symbols

    Symbol Name                              Value     Ov Type        Size  Object(Section)

    RESET                                    0x00000000   Section      324  startup_msp432p4111_uvision.o(RESET)
    ../clib/angel/boardlib.s                 0x00000000   Number         0  boardinit2.o ABSOLUTE
    ../clib/angel/boardlib.s                 0x00000000   Number         0  boardinit3.o ABSOLUTE
    ../clib/angel/boardlib.s                 0x00000000   Number         0  boardinit1.o ABSOLUTE
    ../clib/angel/boardlib.s                 0x00000000   Number         0  boardshut.o ABSOLUTE
    ../clib/angel/handlers.s                 0x00000000   Number         0  __scatter_zi.o ABSOLUTE
    ../clib/angel/handlers.s                 0x00000000   Number         0  __scatter_copy.o ABSOLUTE
    ../clib/angel/kernel.s                   0x00000000   Number         0  __rtentry2.o ABSOLUTE
    ../clib/angel/kernel.s                   0x00000000   Number         0  __rtentry4.o ABSOLUTE
    ../clib/angel/kernel.s                   0x00000000   Number         0  rtexit2.o ABSOLUTE
    ../clib/angel/kernel.s                   0x00000000   Number         0  __rtentry.o ABSOLUTE
    ../clib/angel/kernel.s                   0x00000000   Number         0  rtexit.o ABSOLUTE
    ../clib/angel/rt.s                       0x00000000   Number         0  rt_raise.o ABSOLUTE
    ../clib/angel/scatter.s                  0x00000000   Number         0  __scatter.o ABSOLUTE
    ../clib/angel/startup.s                  0x00000000   Number         0  __main.o ABSOLUTE
    ../clib/angel/sys.s                      0x00000000   Number         0  sys_stackheap_outer.o ABSOLUTE
    ../clib/angel/sys.s                      0x00000000   Number         0  use_no_semi.o ABSOLUTE
    ../clib/angel/sys.s                      0x00000000   Number         0  indicate_semi.o ABSOLUTE
    ../clib/angel/sys.s                      0x00000000   Number         0  libspace.o ABSOLUTE
    ../clib/angel/sysapp.c                   0x00000000   Number         0  sys_command.o ABSOLUTE
    ../clib/angel/sysapp.c                   0x00000000   Number         0  sys_wrch.o ABSOLUTE
    ../clib/angel/sysapp.c                   0x00000000   Number         0  sys_exit.o ABSOLUTE
    ../clib/armsys.c                         0x00000000   Number         0  argv_veneer.o ABSOLUTE
    ../clib/armsys.c                         0x00000000   Number         0  _get_argv_nomalloc.o ABSOLUTE
    ../clib/armsys.c                         0x00000000   Number         0  no_argv.o ABSOLUTE
    ../clib/armsys.c                         0x00000000   Number         0  argv_veneer.o ABSOLUTE
    ../clib/heapalloc.c                      0x00000000   Number         0  hrguard.o ABSOLUTE
    ../clib/heapaux.c                        0x00000000   Number         0  heapauxi.o ABSOLUTE
    ../clib/libinit.s                        0x00000000   Number         0  libshutdown2.o ABSOLUTE
    ../clib/libinit.s                        0x00000000   Number         0  libshutdown.o ABSOLUTE
    ../clib/libinit.s                        0x00000000   Number         0  libinit.o ABSOLUTE
    ../clib/libinit.s                        0x00000000   Number         0  libinit2.o ABSOLUTE
    ../clib/memcpset.s                       0x00000000   Number         0  rt_memclr_w.o ABSOLUTE
    ../clib/memcpset.s                       0x00000000   Number         0  rt_memclr.o ABSOLUTE
    ../clib/signal.c                         0x00000000   Number         0  defsig_stak_inner.o ABSOLUTE
    ../clib/signal.c                         0x00000000   Number         0  defsig_rtred_inner.o ABSOLUTE
    ../clib/signal.c                         0x00000000   Number         0  defsig_fpe_inner.o ABSOLUTE
    ../clib/signal.c                         0x00000000   Number         0  defsig_abrt_inner.o ABSOLUTE
    ../clib/signal.c                         0x00000000   Number         0  defsig_cppl_inner.o ABSOLUTE
    ../clib/signal.c                         0x00000000   Number         0  defsig_segv_inner.o ABSOLUTE
    ../clib/signal.c                         0x00000000   Number         0  defsig_other.o ABSOLUTE
    ../clib/signal.c                         0x00000000   Number         0  defsig_general.o ABSOLUTE
    ../clib/signal.c                         0x00000000   Number         0  defsig_rtmem_inner.o ABSOLUTE
    ../clib/signal.c                         0x00000000   Number         0  defsig_exit.o ABSOLUTE
    ../clib/signal.c                         0x00000000   Number         0  defsig_rtmem_formal.o ABSOLUTE
    ../clib/signal.c                         0x00000000   Number         0  defsig_rtmem_outer.o ABSOLUTE
    ../clib/signal.c                         0x00000000   Number         0  __raise.o ABSOLUTE
    ../clib/signal.c                         0x00000000   Number         0  defsig_pvfn_inner.o ABSOLUTE
    ../clib/signal.s                         0x00000000   Number         0  defsig.o ABSOLUTE
    ../clib/stdlib.c                         0x00000000   Number         0  exit.o ABSOLUTE
    ../clib/string.c                         0x00000000   Number         0  strlen.o ABSOLUTE
    ../fplib/d2f.s                           0x00000000   Number         0  d2f.o ABSOLUTE
    ../fplib/daddsub.s                       0x00000000   Number         0  daddsub_clz.o ABSOLUTE
    ../fplib/dcmpi.s                         0x00000000   Number         0  dcmpi.o ABSOLUTE
    ../fplib/ddiv.s                          0x00000000   Number         0  ddiv.o ABSOLUTE
    ../fplib/dfix.s                          0x00000000   Number         0  dfix.o ABSOLUTE
    ../fplib/dfixu.s                         0x00000000   Number         0  dfixu.o ABSOLUTE
    ../fplib/dflt.s                          0x00000000   Number         0  dflt_clz.o ABSOLUTE
    ../fplib/dleqf.s                         0x00000000   Number         0  dleqf.o ABSOLUTE
    ../fplib/dmul.s                          0x00000000   Number         0  dmul.o ABSOLUTE
    ../fplib/dnaninf.s                       0x00000000   Number         0  dnaninf.o ABSOLUTE
    ../fplib/dretinf.s                       0x00000000   Number         0  dretinf.o ABSOLUTE
    ../fplib/drleqf.s                        0x00000000   Number         0  drleqf.o ABSOLUTE
    ../fplib/f2d.s                           0x00000000   Number         0  f2d.o ABSOLUTE
    ../fplib/fnaninf.s                       0x00000000   Number         0  fnaninf.o ABSOLUTE
    ../fplib/fpinit.s                        0x00000000   Number         0  fpinit.o ABSOLUTE
    ../fplib/fretinf.s                       0x00000000   Number         0  fretinf.o ABSOLUTE
    ../fplib/usenofp.s                       0x00000000   Number         0  usenofp.o ABSOLUTE
    ../mathlib/floor.c                       0x00000000   Number         0  floor.o ABSOLUTE
    ADC14.c                                  0x00000000   Number         0  adc14.o ABSOLUTE
    ADC14.c                                  0x00000000   Number         0  adc14.o ABSOLUTE
    Camera.c                                 0x00000000   Number         0  camera.o ABSOLUTE
    Camera.c                                 0x00000000   Number         0  camera.o ABSOLUTE
    ControlPins.c                            0x00000000   Number         0  controlpins.o ABSOLUTE
    ControlPins.c                            0x00000000   Number         0  controlpins.o ABSOLUTE
    CortexM.c                                0x00000000   Number         0  cortexm.o ABSOLUTE
    CortexM.c                                0x00000000   Number         0  cortexm.o ABSOLUTE
    RTE\Device\MSP432P4111\startup_msp432p4111_uvision.s 0x00000000   Number         0  startup_msp432p4111_uvision.o ABSOLUTE
    RTE\Device\MSP432P4111\system_msp432p4111.c 0x00000000   Number         0  system_msp432p4111.o ABSOLUTE
    RTE\\Device\\MSP432P4111\\system_msp432p4111.c 0x00000000   Number         0  system_msp432p4111.o ABSOLUTE
    ServoMotor.c                             0x00000000   Number         0  servomotor.o ABSOLUTE
    ServoMotor.c                             0x00000000   Number         0  servomotor.o ABSOLUTE
    SysTickTimer.c                           0x00000000   Number         0  systicktimer.o ABSOLUTE
    SysTickTimer.c                           0x00000000   Number         0  systicktimer.o ABSOLUTE
    Timer32.c                                0x00000000   Number         0  timer32.o ABSOLUTE
    Timer32.c                                0x00000000   Number         0  timer32.o ABSOLUTE
    TimerA.c                                 0x00000000   Number         0  timera.o ABSOLUTE
    TimerA.c                                 0x00000000   Number         0  timera.o ABSOLUTE
    dc.s                                     0x00000000   Number         0  dc.o ABSOLUTE
    i2c.c                                    0x00000000   Number         0  i2c.o ABSOLUTE
    i2c.c                                    0x00000000   Number         0  i2c.o ABSOLUTE
    leds.c                                   0x00000000   Number         0  leds.o ABSOLUTE
    leds.c                                   0x00000000   Number         0  leds.o ABSOLUTE
    motor.c                                  0x00000000   Number         0  motor.o ABSOLUTE
    motor.c                                  0x00000000   Number         0  motor.o ABSOLUTE
    oled.c                                   0x00000000   Number         0  oled.o ABSOLUTE
    oled.c                                   0x00000000   Number         0  oled.o ABSOLUTE
    switches.c                               0x00000000   Number         0  switches.o ABSOLUTE
    switches.c                               0x00000000   Number         0  switches.o ABSOLUTE
    uart.c                                   0x00000000   Number         0  uart.o ABSOLUTE
    uart.c                                   0x00000000   Number         0  uart.o ABSOLUTE
    !!!main                                  0x00000144   Section        8  __main.o(!!!main)
    !!!scatter                               0x0000014c   Section       52  __scatter.o(!!!scatter)
    !!handler_copy                           0x00000180   Section       26  __scatter_copy.o(!!handler_copy)
    !!handler_zi                             0x0000019c   Section       28  __scatter_zi.o(!!handler_zi)
    .ARM.Collect$$libinit$$00000000          0x000001b8   Section        2  libinit.o(.ARM.Collect$$libinit$$00000000)
    .ARM.Collect$$libinit$$00000001          0x000001ba   Section        4  libinit2.o(.ARM.Collect$$libinit$$00000001)
    .ARM.Collect$$libinit$$00000004          0x000001be   Section        0  libinit2.o(.ARM.Collect$$libinit$$00000004)
    .ARM.Collect$$libinit$$0000000A          0x000001be   Section        0  libinit2.o(.ARM.Collect$$libinit$$0000000A)
    .ARM.Collect$$libinit$$0000000C          0x000001be   Section        0  libinit2.o(.ARM.Collect$$libinit$$0000000C)
    .ARM.Collect$$libinit$$0000000E          0x000001be   Section        0  libinit2.o(.ARM.Collect$$libinit$$0000000E)
    .ARM.Collect$$libinit$$00000011          0x000001be   Section        0  libinit2.o(.ARM.Collect$$libinit$$00000011)
    .ARM.Collect$$libinit$$00000013          0x000001be   Section        0  libinit2.o(.ARM.Collect$$libinit$$00000013)
    .ARM.Collect$$libinit$$00000015          0x000001be   Section        0  libinit2.o(.ARM.Collect$$libinit$$00000015)
    .ARM.Collect$$libinit$$00000017          0x000001be   Section        0  libinit2.o(.ARM.Collect$$libinit$$00000017)
    .ARM.Collect$$libinit$$00000019          0x000001be   Section        0  libinit2.o(.ARM.Collect$$libinit$$00000019)
    .ARM.Collect$$libinit$$0000001B          0x000001be   Section        0  libinit2.o(.ARM.Collect$$libinit$$0000001B)
    .ARM.Collect$$libinit$$0000001D          0x000001be   Section        0  libinit2.o(.ARM.Collect$$libinit$$0000001D)
    .ARM.Collect$$libinit$$0000001F          0x000001be   Section        0  libinit2.o(.ARM.Collect$$libinit$$0000001F)
    .ARM.Collect$$libinit$$00000021          0x000001be   Section        0  libinit2.o(.ARM.Collect$$libinit$$00000021)
    .ARM.Collect$$libinit$$00000023          0x000001be   Section        0  libinit2.o(.ARM.Collect$$libinit$$00000023)
    .ARM.Collect$$libinit$$00000025          0x000001be   Section        0  libinit2.o(.ARM.Collect$$libinit$$00000025)
    .ARM.Collect$$libinit$$0000002C          0x000001be   Section        0  libinit2.o(.ARM.Collect$$libinit$$0000002C)
    .ARM.Collect$$libinit$$0000002E          0x000001be   Section        0  libinit2.o(.ARM.Collect$$libinit$$0000002E)
    .ARM.Collect$$libinit$$00000030          0x000001be   Section        0  libinit2.o(.ARM.Collect$$libinit$$00000030)
    .ARM.Collect$$libinit$$00000032          0x000001be   Section        0  libinit2.o(.ARM.Collect$$libinit$$00000032)
    .ARM.Collect$$libinit$$00000033          0x000001be   Section        2  libinit2.o(.ARM.Collect$$libinit$$00000033)
    .ARM.Collect$$libshutdown$$00000000      0x000001c0   Section        2  libshutdown.o(.ARM.Collect$$libshutdown$$00000000)
    .ARM.Collect$$libshutdown$$00000002      0x000001c2   Section        0  libshutdown2.o(.ARM.Collect$$libshutdown$$00000002)
    .ARM.Collect$$libshutdown$$00000004      0x000001c2   Section        0  libshutdown2.o(.ARM.Collect$$libshutdown$$00000004)
    .ARM.Collect$$libshutdown$$00000007      0x000001c2   Section        0  libshutdown2.o(.ARM.Collect$$libshutdown$$00000007)
    .ARM.Collect$$libshutdown$$0000000A      0x000001c2   Section        0  libshutdown2.o(.ARM.Collect$$libshutdown$$0000000A)
    .ARM.Collect$$libshutdown$$0000000C      0x000001c2   Section        0  libshutdown2.o(.ARM.Collect$$libshutdown$$0000000C)
    .ARM.Collect$$libshutdown$$0000000F      0x000001c2   Section        0  libshutdown2.o(.ARM.Collect$$libshutdown$$0000000F)
    .ARM.Collect$$libshutdown$$00000010      0x000001c2   Section        2  libshutdown2.o(.ARM.Collect$$libshutdown$$00000010)
    .ARM.Collect$$rtentry$$00000000          0x000001c4   Section        0  __rtentry.o(.ARM.Collect$$rtentry$$00000000)
    .ARM.Collect$$rtentry$$00000002          0x000001c4   Section        0  __rtentry2.o(.ARM.Collect$$rtentry$$00000002)
    .ARM.Collect$$rtentry$$00000004          0x000001c4   Section        6  __rtentry4.o(.ARM.Collect$$rtentry$$00000004)
    .ARM.Collect$$rtentry$$00000009          0x000001ca   Section        0  __rtentry2.o(.ARM.Collect$$rtentry$$00000009)
    .ARM.Collect$$rtentry$$0000000A          0x000001ca   Section        4  __rtentry2.o(.ARM.Collect$$rtentry$$0000000A)
    .ARM.Collect$$rtentry$$0000000C          0x000001ce   Section        0  __rtentry2.o(.ARM.Collect$$rtentry$$0000000C)
    .ARM.Collect$$rtentry$$0000000D          0x000001ce   Section        8  __rtentry2.o(.ARM.Collect$$rtentry$$0000000D)
    .ARM.Collect$$rtexit$$00000000           0x000001d6   Section        2  rtexit.o(.ARM.Collect$$rtexit$$00000000)
    .ARM.Collect$$rtexit$$00000002           0x000001d8   Section        0  rtexit2.o(.ARM.Collect$$rtexit$$00000002)
    .ARM.Collect$$rtexit$$00000003           0x000001d8   Section        4  rtexit2.o(.ARM.Collect$$rtexit$$00000003)
    .ARM.Collect$$rtexit$$00000004           0x000001dc   Section        6  rtexit2.o(.ARM.Collect$$rtexit$$00000004)
    .emb_text                                0x000001e4   Section       32  cortexm.o(.emb_text)
    $v0                                      0x000001e4   Number         0  cortexm.o(.emb_text)
    .text                                    0x00000204   Section       60  startup_msp432p4111_uvision.o(.text)
    $v0                                      0x00000204   Number         0  startup_msp432p4111_uvision.o(.text)
    .text                                    0x00000240   Section        0  heapauxi.o(.text)
    .text                                    0x00000246   Section       74  sys_stackheap_outer.o(.text)
    .text                                    0x00000290   Section        0  exit.o(.text)
    .text                                    0x000002a4   Section        8  libspace.o(.text)
    .text                                    0x000002ac   Section        0  sys_exit.o(.text)
    .text                                    0x000002b8   Section        2  use_no_semi.o(.text)
    .text                                    0x000002ba   Section        0  indicate_semi.o(.text)
    i.ADC0_InitSWTriggerCh6                  0x000002bc   Section        0  adc14.o(i.ADC0_InitSWTriggerCh6)
    i.ADC_In                                 0x0000039c   Section        0  adc14.o(i.ADC_In)
    i.CLK_Handler                            0x000003d4   Section        0  controlpins.o(i.CLK_Handler)
    i.CalcPeriodFromFrequency                0x00000430   Section        0  timer32.o(i.CalcPeriodFromFrequency)
    i.ControlPin_CLK_Init                    0x00000480   Section        0  controlpins.o(i.ControlPin_CLK_Init)
    i.ControlPin_SI_Init                     0x000004ec   Section        0  controlpins.o(i.ControlPin_SI_Init)
    i.DisableSysTickTimer                    0x00000554   Section        0  systicktimer.o(i.DisableSysTickTimer)
    i.EnableSysTickTimer                     0x0000057a   Section        0  systicktimer.o(i.EnableSysTickTimer)
    i.INIT_Camera                            0x000005a0   Section        0  camera.o(i.INIT_Camera)
    i.LED1_Init                              0x000005bc   Section        0  leds.o(i.LED1_Init)
    i.LED2_Init                              0x00000600   Section        0  leds.o(i.LED2_Init)
    i.PORT1_IRQHandler                       0x000006b0   Section        0  camera.o(i.PORT1_IRQHandler)
    i.SI_Handler                             0x00000714   Section        0  controlpins.o(i.SI_Handler)
    i.Switch1_Init                           0x00000760   Section        0  switches.o(i.Switch1_Init)
    i.Switch1_Interrupt_Init                 0x000007d0   Section        0  camera.o(i.Switch1_Interrupt_Init)
    i.Switch2_Init                           0x00000828   Section        0  switches.o(i.Switch2_Init)
    i.Switch2_Interrupt_Init                 0x00000898   Section        0  camera.o(i.Switch2_Interrupt_Init)
    i.SysTickTimer_Init                      0x000008f0   Section        0  systicktimer.o(i.SysTickTimer_Init)
    i.SysTick_Handler                        0x00000938   Section        0  systicktimer.o(i.SysTick_Handler)
    i.SystemInit                             0x00000954   Section        0  system_msp432p4111.o(i.SystemInit)
    i.T32_INT1_IRQHandler                    0x00000a30   Section        0  timer32.o(i.T32_INT1_IRQHandler)
    i.T32_INT2_IRQHandler                    0x00000a54   Section        0  timer32.o(i.T32_INT2_IRQHandler)
    i.TIMER_A0_PWM_DutyCycle                 0x00000a78   Section        0  timera.o(i.TIMER_A0_PWM_DutyCycle)
    i.TIMER_A0_PWM_Init                      0x00000ac4   Section        0  timera.o(i.TIMER_A0_PWM_Init)
    i.TIMER_A2_PWM_DutyCycle                 0x00000c00   Section        0  timera.o(i.TIMER_A2_PWM_DutyCycle)
    i.TIMER_A2_PWM_Init                      0x00000c50   Section        0  timera.o(i.TIMER_A2_PWM_Init)
    i.Timer32_1_Init                         0x00000d04   Section        0  timer32.o(i.Timer32_1_Init)
    i.Toggle_Motor                           0x00000d60   Section        0  motor.o(i.Toggle_Motor)
    i.__NVIC_SetPriority                     0x00000d9c   Section        0  timer32.o(i.__NVIC_SetPriority)
    __NVIC_SetPriority                       0x00000d9d   Thumb Code    32  timer32.o(i.__NVIC_SetPriority)
    i.main                                   0x00000dc4   Section        0  camera.o(i.main)
    i.motor_init                             0x0000106c   Section        0  motor.o(i.motor_init)
    i.runningAverage                         0x00001114   Section        0  camera.o(i.runningAverage)
    i.servo_init                             0x0000116c   Section        0  servomotor.o(i.servo_init)
    i.servo_turn                             0x00001188   Section        0  servomotor.o(i.servo_turn)
    i.uart0_init                             0x000011ac   Section        0  uart.o(i.uart0_init)
    i.uart0_put                              0x00001250   Section        0  uart.o(i.uart0_put)
    i.uart0_putchar                          0x00001268   Section        0  uart.o(i.uart0_putchar)
    i.uart2_init                             0x00001280   Section        0  uart.o(i.uart2_init)
    i.uart2_put                              0x00001330   Section        0  uart.o(i.uart2_put)
    i.uart2_putchar                          0x00001348   Section        0  uart.o(i.uart2_putchar)
    x$fpl$d2f                                0x00001364   Section       98  d2f.o(x$fpl$d2f)
    $v0                                      0x00001364   Number         0  d2f.o(x$fpl$d2f)
    x$fpl$dadd                               0x000013c8   Section      336  daddsub_clz.o(x$fpl$dadd)
    $v0                                      0x000013c8   Number         0  daddsub_clz.o(x$fpl$dadd)
    _dadd1                                   0x000013d9   Thumb Code     0  daddsub_clz.o(x$fpl$dadd)
    x$fpl$dcmpinf                            0x00001518   Section       24  dcmpi.o(x$fpl$dcmpinf)
    $v0                                      0x00001518   Number         0  dcmpi.o(x$fpl$dcmpinf)
    x$fpl$ddiv                               0x00001530   Section      688  ddiv.o(x$fpl$ddiv)
    $v0                                      0x00001530   Number         0  ddiv.o(x$fpl$ddiv)
    ddiv_entry                               0x00001537   Thumb Code     0  ddiv.o(x$fpl$ddiv)
    x$fpl$dfix                               0x000017e0   Section       94  dfix.o(x$fpl$dfix)
    $v0                                      0x000017e0   Number         0  dfix.o(x$fpl$dfix)
    x$fpl$dfixu                              0x00001840   Section       90  dfixu.o(x$fpl$dfixu)
    $v0                                      0x00001840   Number         0  dfixu.o(x$fpl$dfixu)
    x$fpl$dfltu                              0x0000189a   Section       38  dflt_clz.o(x$fpl$dfltu)
    $v0                                      0x0000189a   Number         0  dflt_clz.o(x$fpl$dfltu)
    x$fpl$dleqf                              0x000018c0   Section      120  dleqf.o(x$fpl$dleqf)
    $v0                                      0x000018c0   Number         0  dleqf.o(x$fpl$dleqf)
    x$fpl$dmul                               0x00001938   Section      340  dmul.o(x$fpl$dmul)
    $v0                                      0x00001938   Number         0  dmul.o(x$fpl$dmul)
    x$fpl$dnaninf                            0x00001a8c   Section      156  dnaninf.o(x$fpl$dnaninf)
    $v0                                      0x00001a8c   Number         0  dnaninf.o(x$fpl$dnaninf)
    x$fpl$dretinf                            0x00001b28   Section       12  dretinf.o(x$fpl$dretinf)
    $v0                                      0x00001b28   Number         0  dretinf.o(x$fpl$dretinf)
    x$fpl$drleqf                             0x00001b34   Section      108  drleqf.o(x$fpl$drleqf)
    $v0                                      0x00001b34   Number         0  drleqf.o(x$fpl$drleqf)
    x$fpl$dsub                               0x00001ba0   Section      468  daddsub_clz.o(x$fpl$dsub)
    $v0                                      0x00001ba0   Number         0  daddsub_clz.o(x$fpl$dsub)
    _dsub1                                   0x00001bb1   Thumb Code     0  daddsub_clz.o(x$fpl$dsub)
    x$fpl$f2d                                0x00001d74   Section       86  f2d.o(x$fpl$f2d)
    $v0                                      0x00001d74   Number         0  f2d.o(x$fpl$f2d)
    x$fpl$fnaninf                            0x00001dca   Section      140  fnaninf.o(x$fpl$fnaninf)
    $v0                                      0x00001dca   Number         0  fnaninf.o(x$fpl$fnaninf)
    x$fpl$fpinit                             0x00001e56   Section       10  fpinit.o(x$fpl$fpinit)
    $v0                                      0x00001e56   Number         0  fpinit.o(x$fpl$fpinit)
    x$fpl$fretinf                            0x00001e60   Section       10  fretinf.o(x$fpl$fretinf)
    $v0                                      0x00001e60   Number         0  fretinf.o(x$fpl$fretinf)
    x$fpl$usenofp                            0x00001e6a   Section        0  usenofp.o(x$fpl$usenofp)
    .data                                    0x20000000   Section        8  camera.o(.data)
    Kp                                       0x20000004   Data           4  camera.o(.data)
    .data                                    0x20000008   Section        9  controlpins.o(.data)
    pixelCounter                             0x2000000c   Data           4  controlpins.o(.data)
    .data                                    0x20000014   Section        8  systicktimer.o(.data)
    .data                                    0x20000020   Section       25  timer32.o(.data)
    timer1Period                             0x20000030   Data           4  timer32.o(.data)
    timer2Period                             0x20000034   Data           4  timer32.o(.data)
    .data                                    0x2000003c   Section        4  system_msp432p4111.o(.data)
    .bss                                     0x20000040   Section      256  camera.o(.bss)
    .bss                                     0x20000140   Section      256  controlpins.o(.bss)
    .bss                                     0x20000240   Section       40  timera.o(.bss)
    DEFAULT_PERIOD_A0                        0x20000240   Data          20  timera.o(.bss)
    DEFAULT_PERIOD_A2                        0x20000254   Data          20  timera.o(.bss)
    .bss                                     0x20000268   Section       96  libspace.o(.bss)
    HEAP                                     0x200002c8   Section        0  startup_msp432p4111_uvision.o(HEAP)
    STACK                                    0x200002c8   Section     1024  startup_msp432p4111_uvision.o(STACK)
    Heap_Mem                                 0x200002c8   Data           0  startup_msp432p4111_uvision.o(HEAP)
    Stack_Mem                                0x200002c8   Data        1024  startup_msp432p4111_uvision.o(STACK)
    __initial_sp                             0x200006c8   Data           0  startup_msp432p4111_uvision.o(STACK)

    Global Symbols

    Symbol Name                              Value     Ov Type        Size  Object(Section)

    BuildAttributes$$THM_ISAv4$E$P$D$K$B$S$7EM$VFPi3$EXTD16$VFPS$VFMA$PE$A:L22UL41UL21$X:L11$S22US41US21$IEEE1$IW$USESV6$~STKCKD$USESV7$~SHL$OTIME$ROPI$IEEEJ$EBA8$UX$STANDARDLIB$REQ8$PRES8$EABIv2 0x00000000   Number         0  anon$$obj.o ABSOLUTE
    __ARM_use_no_argv                        0x00000000   Number         0  camera.o ABSOLUTE
    __Vectors                                0x00000000   Data           4  startup_msp432p4111_uvision.o(RESET)
    __ARM_exceptions_init                     - Undefined Weak Reference
    __alloca_initialize                       - Undefined Weak Reference
    __arm_preinit_                            - Undefined Weak Reference
    __cpp_initialize__aeabi_                  - Undefined Weak Reference
    __cxa_finalize                            - Undefined Weak Reference
    __rt_locale                               - Undefined Weak Reference
    __sigvec_lookup                           - Undefined Weak Reference
    _atexit_init                              - Undefined Weak Reference
    _call_atexit_fns                          - Undefined Weak Reference
    _clock_init                               - Undefined Weak Reference
    _fp_trap_init                             - Undefined Weak Reference
    _fp_trap_shutdown                         - Undefined Weak Reference
    _get_lc_collate                           - Undefined Weak Reference
    _get_lc_ctype                             - Undefined Weak Reference
    _get_lc_monetary                          - Undefined Weak Reference
    _get_lc_numeric                           - Undefined Weak Reference
    _get_lc_time                              - Undefined Weak Reference
    _getenv_init                              - Undefined Weak Reference
    _handle_redirection                       - Undefined Weak Reference
    _init_alloc                               - Undefined Weak Reference
    _init_user_alloc                          - Undefined Weak Reference
    _initio                                   - Undefined Weak Reference
    _rand_init                                - Undefined Weak Reference
    _signal_finish                            - Undefined Weak Reference
    _signal_init                              - Undefined Weak Reference
    _terminate_alloc                          - Undefined Weak Reference
    _terminate_user_alloc                     - Undefined Weak Reference
    _terminateio                              - Undefined Weak Reference
    __Vectors_End                            0x00000144   Data           0  startup_msp432p4111_uvision.o(RESET)
    __Vectors_Size                           0x00000144   Number         0  startup_msp432p4111_uvision.o ABSOLUTE
    __main                                   0x00000145   Thumb Code     8  __main.o(!!!main)
    __scatterload                            0x0000014d   Thumb Code     0  __scatter.o(!!!scatter)
    __scatterload_rt2                        0x0000014d   Thumb Code    44  __scatter.o(!!!scatter)
    __scatterload_rt2_thumb_only             0x0000014d   Thumb Code     0  __scatter.o(!!!scatter)
    __scatterload_null                       0x0000015b   Thumb Code     0  __scatter.o(!!!scatter)
    __scatterload_copy                       0x00000181   Thumb Code    26  __scatter_copy.o(!!handler_copy)
    __scatterload_zeroinit                   0x0000019d   Thumb Code    28  __scatter_zi.o(!!handler_zi)
    __rt_lib_init                            0x000001b9   Thumb Code     0  libinit.o(.ARM.Collect$$libinit$$00000000)
    __rt_lib_init_fp_1                       0x000001bb   Thumb Code     0  libinit2.o(.ARM.Collect$$libinit$$00000001)
    __rt_lib_init_alloca_1                   0x000001bf   Thumb Code     0  libinit2.o(.ARM.Collect$$libinit$$0000002E)
    __rt_lib_init_argv_1                     0x000001bf   Thumb Code     0  libinit2.o(.ARM.Collect$$libinit$$0000002C)
    __rt_lib_init_atexit_1                   0x000001bf   Thumb Code     0  libinit2.o(.ARM.Collect$$libinit$$0000001B)
    __rt_lib_init_clock_1                    0x000001bf   Thumb Code     0  libinit2.o(.ARM.Collect$$libinit$$00000021)
    __rt_lib_init_cpp_1                      0x000001bf   Thumb Code     0  libinit2.o(.ARM.Collect$$libinit$$00000032)
    __rt_lib_init_exceptions_1               0x000001bf   Thumb Code     0  libinit2.o(.ARM.Collect$$libinit$$00000030)
    __rt_lib_init_fp_trap_1                  0x000001bf   Thumb Code     0  libinit2.o(.ARM.Collect$$libinit$$0000001F)
    __rt_lib_init_getenv_1                   0x000001bf   Thumb Code     0  libinit2.o(.ARM.Collect$$libinit$$00000023)
    __rt_lib_init_heap_1                     0x000001bf   Thumb Code     0  libinit2.o(.ARM.Collect$$libinit$$0000000A)
    __rt_lib_init_lc_collate_1               0x000001bf   Thumb Code     0  libinit2.o(.ARM.Collect$$libinit$$00000011)
    __rt_lib_init_lc_ctype_1                 0x000001bf   Thumb Code     0  libinit2.o(.ARM.Collect$$libinit$$00000013)
    __rt_lib_init_lc_monetary_1              0x000001bf   Thumb Code     0  libinit2.o(.ARM.Collect$$libinit$$00000015)
    __rt_lib_init_lc_numeric_1               0x000001bf   Thumb Code     0  libinit2.o(.ARM.Collect$$libinit$$00000017)
    __rt_lib_init_lc_time_1                  0x000001bf   Thumb Code     0  libinit2.o(.ARM.Collect$$libinit$$00000019)
    __rt_lib_init_preinit_1                  0x000001bf   Thumb Code     0  libinit2.o(.ARM.Collect$$libinit$$00000004)
    __rt_lib_init_rand_1                     0x000001bf   Thumb Code     0  libinit2.o(.ARM.Collect$$libinit$$0000000E)
    __rt_lib_init_return                     0x000001bf   Thumb Code     0  libinit2.o(.ARM.Collect$$libinit$$00000033)
    __rt_lib_init_signal_1                   0x000001bf   Thumb Code     0  libinit2.o(.ARM.Collect$$libinit$$0000001D)
    __rt_lib_init_stdio_1                    0x000001bf   Thumb Code     0  libinit2.o(.ARM.Collect$$libinit$$00000025)
    __rt_lib_init_user_alloc_1               0x000001bf   Thumb Code     0  libinit2.o(.ARM.Collect$$libinit$$0000000C)
    __rt_lib_shutdown                        0x000001c1   Thumb Code     0  libshutdown.o(.ARM.Collect$$libshutdown$$00000000)
    __rt_lib_shutdown_cpp_1                  0x000001c3   Thumb Code     0  libshutdown2.o(.ARM.Collect$$libshutdown$$00000002)
    __rt_lib_shutdown_fp_trap_1              0x000001c3   Thumb Code     0  libshutdown2.o(.ARM.Collect$$libshutdown$$00000007)
    __rt_lib_shutdown_heap_1                 0x000001c3   Thumb Code     0  libshutdown2.o(.ARM.Collect$$libshutdown$$0000000F)
    __rt_lib_shutdown_return                 0x000001c3   Thumb Code     0  libshutdown2.o(.ARM.Collect$$libshutdown$$00000010)
    __rt_lib_shutdown_signal_1               0x000001c3   Thumb Code     0  libshutdown2.o(.ARM.Collect$$libshutdown$$0000000A)
    __rt_lib_shutdown_stdio_1                0x000001c3   Thumb Code     0  libshutdown2.o(.ARM.Collect$$libshutdown$$00000004)
    __rt_lib_shutdown_user_alloc_1           0x000001c3   Thumb Code     0  libshutdown2.o(.ARM.Collect$$libshutdown$$0000000C)
    __rt_entry                               0x000001c5   Thumb Code     0  __rtentry.o(.ARM.Collect$$rtentry$$00000000)
    __rt_entry_presh_1                       0x000001c5   Thumb Code     0  __rtentry2.o(.ARM.Collect$$rtentry$$00000002)
    __rt_entry_sh                            0x000001c5   Thumb Code     0  __rtentry4.o(.ARM.Collect$$rtentry$$00000004)
    __rt_entry_li                            0x000001cb   Thumb Code     0  __rtentry2.o(.ARM.Collect$$rtentry$$0000000A)
    __rt_entry_postsh_1                      0x000001cb   Thumb Code     0  __rtentry2.o(.ARM.Collect$$rtentry$$00000009)
    __rt_entry_main                          0x000001cf   Thumb Code     0  __rtentry2.o(.ARM.Collect$$rtentry$$0000000D)
    __rt_entry_postli_1                      0x000001cf   Thumb Code     0  __rtentry2.o(.ARM.Collect$$rtentry$$0000000C)
    __rt_exit                                0x000001d7   Thumb Code     0  rtexit.o(.ARM.Collect$$rtexit$$00000000)
    __rt_exit_ls                             0x000001d9   Thumb Code     0  rtexit2.o(.ARM.Collect$$rtexit$$00000003)
    __rt_exit_prels_1                        0x000001d9   Thumb Code     0  rtexit2.o(.ARM.Collect$$rtexit$$00000002)
    __rt_exit_exit                           0x000001dd   Thumb Code     0  rtexit2.o(.ARM.Collect$$rtexit$$00000004)
    DisableInterrupts                        0x000001e5   Thumb Code     4  cortexm.o(.emb_text)
    EnableInterrupts                         0x000001e9   Thumb Code     4  cortexm.o(.emb_text)
    StartCritical                            0x000001ed   Thumb Code     8  cortexm.o(.emb_text)
    EndCritical                              0x000001f5   Thumb Code     6  cortexm.o(.emb_text)
    WaitForInterrupt                         0x000001fb   Thumb Code     4  cortexm.o(.emb_text)
    delay                                    0x000001ff   Thumb Code     6  cortexm.o(.emb_text)
    Reset_Handler                            0x00000205   Thumb Code     8  startup_msp432p4111_uvision.o(.text)
    NMI_Handler                              0x0000020d   Thumb Code     2  startup_msp432p4111_uvision.o(.text)
    HardFault_Handler                        0x0000020f   Thumb Code     2  startup_msp432p4111_uvision.o(.text)
    MemManage_Handler                        0x00000211   Thumb Code     2  startup_msp432p4111_uvision.o(.text)
    BusFault_Handler                         0x00000213   Thumb Code     2  startup_msp432p4111_uvision.o(.text)
    UsageFault_Handler                       0x00000215   Thumb Code     2  startup_msp432p4111_uvision.o(.text)
    SVC_Handler                              0x00000217   Thumb Code     2  startup_msp432p4111_uvision.o(.text)
    DebugMon_Handler                         0x00000219   Thumb Code     2  startup_msp432p4111_uvision.o(.text)
    PendSV_Handler                           0x0000021b   Thumb Code     2  startup_msp432p4111_uvision.o(.text)
    ADC14_IRQHandler                         0x0000021f   Thumb Code     0  startup_msp432p4111_uvision.o(.text)
    AES256_IRQHandler                        0x0000021f   Thumb Code     0  startup_msp432p4111_uvision.o(.text)
    COMP_E0_IRQHandler                       0x0000021f   Thumb Code     0  startup_msp432p4111_uvision.o(.text)
    COMP_E1_IRQHandler                       0x0000021f   Thumb Code     0  startup_msp432p4111_uvision.o(.text)
    CS_IRQHandler                            0x0000021f   Thumb Code     0  startup_msp432p4111_uvision.o(.text)
    DMA_ERR_IRQHandler                       0x0000021f   Thumb Code     0  startup_msp432p4111_uvision.o(.text)
    DMA_INT0_IRQHandler                      0x0000021f   Thumb Code     0  startup_msp432p4111_uvision.o(.text)
    DMA_INT1_IRQHandler                      0x0000021f   Thumb Code     0  startup_msp432p4111_uvision.o(.text)
    DMA_INT2_IRQHandler                      0x0000021f   Thumb Code     0  startup_msp432p4111_uvision.o(.text)
    DMA_INT3_IRQHandler                      0x0000021f   Thumb Code     0  startup_msp432p4111_uvision.o(.text)
    EUSCIA0_IRQHandler                       0x0000021f   Thumb Code     0  startup_msp432p4111_uvision.o(.text)
    EUSCIA1_IRQHandler                       0x0000021f   Thumb Code     0  startup_msp432p4111_uvision.o(.text)
    EUSCIA2_IRQHandler                       0x0000021f   Thumb Code     0  startup_msp432p4111_uvision.o(.text)
    EUSCIA3_IRQHandler                       0x0000021f   Thumb Code     0  startup_msp432p4111_uvision.o(.text)
    EUSCIB0_IRQHandler                       0x0000021f   Thumb Code     0  startup_msp432p4111_uvision.o(.text)
    EUSCIB1_IRQHandler                       0x0000021f   Thumb Code     0  startup_msp432p4111_uvision.o(.text)
    EUSCIB2_IRQHandler                       0x0000021f   Thumb Code     0  startup_msp432p4111_uvision.o(.text)
    EUSCIB3_IRQHandler                       0x0000021f   Thumb Code     0  startup_msp432p4111_uvision.o(.text)
    FLCTL_A_IRQHandler                       0x0000021f   Thumb Code     0  startup_msp432p4111_uvision.o(.text)
    FPU_IRQHandler                           0x0000021f   Thumb Code     0  startup_msp432p4111_uvision.o(.text)
    LCD_F_IRQHandler                         0x0000021f   Thumb Code     0  startup_msp432p4111_uvision.o(.text)
    PCM_IRQHandler                           0x0000021f   Thumb Code     0  startup_msp432p4111_uvision.o(.text)
    PORT2_IRQHandler                         0x0000021f   Thumb Code     0  startup_msp432p4111_uvision.o(.text)
    PORT3_IRQHandler                         0x0000021f   Thumb Code     0  startup_msp432p4111_uvision.o(.text)
    PORT4_IRQHandler                         0x0000021f   Thumb Code     0  startup_msp432p4111_uvision.o(.text)
    PORT5_IRQHandler                         0x0000021f   Thumb Code     0  startup_msp432p4111_uvision.o(.text)
    PORT6_IRQHandler                         0x0000021f   Thumb Code     0  startup_msp432p4111_uvision.o(.text)
    PSS_IRQHandler                           0x0000021f   Thumb Code     0  startup_msp432p4111_uvision.o(.text)
    RTC_C_IRQHandler                         0x0000021f   Thumb Code     0  startup_msp432p4111_uvision.o(.text)
    T32_INTC_IRQHandler                      0x0000021f   Thumb Code     0  startup_msp432p4111_uvision.o(.text)
    TA0_0_IRQHandler                         0x0000021f   Thumb Code     0  startup_msp432p4111_uvision.o(.text)
    TA0_N_IRQHandler                         0x0000021f   Thumb Code     0  startup_msp432p4111_uvision.o(.text)
    TA1_0_IRQHandler                         0x0000021f   Thumb Code     0  startup_msp432p4111_uvision.o(.text)
    TA1_N_IRQHandler                         0x0000021f   Thumb Code     0  startup_msp432p4111_uvision.o(.text)
    TA2_0_IRQHandler                         0x0000021f   Thumb Code     0  startup_msp432p4111_uvision.o(.text)
    TA2_N_IRQHandler                         0x0000021f   Thumb Code     0  startup_msp432p4111_uvision.o(.text)
    TA3_0_IRQHandler                         0x0000021f   Thumb Code     0  startup_msp432p4111_uvision.o(.text)
    TA3_N_IRQHandler                         0x0000021f   Thumb Code     0  startup_msp432p4111_uvision.o(.text)
    WDT_A_IRQHandler                         0x0000021f   Thumb Code     0  startup_msp432p4111_uvision.o(.text)
    __user_initial_stackheap                 0x00000221   Thumb Code    10  startup_msp432p4111_uvision.o(.text)
    __use_two_region_memory                  0x00000241   Thumb Code     2  heapauxi.o(.text)
    __rt_heap_escrow$2region                 0x00000243   Thumb Code     2  heapauxi.o(.text)
    __rt_heap_expand$2region                 0x00000245   Thumb Code     2  heapauxi.o(.text)
    __user_setup_stackheap                   0x00000247   Thumb Code    74  sys_stackheap_outer.o(.text)
    exit                                     0x00000291   Thumb Code    18  exit.o(.text)
    __user_libspace                          0x000002a5   Thumb Code     8  libspace.o(.text)
    __user_perproc_libspace                  0x000002a5   Thumb Code     0  libspace.o(.text)
    __user_perthread_libspace                0x000002a5   Thumb Code     0  libspace.o(.text)
    _sys_exit                                0x000002ad   Thumb Code     8  sys_exit.o(.text)
    __I$use$semihosting                      0x000002b9   Thumb Code     0  use_no_semi.o(.text)
    __use_no_semihosting_swi                 0x000002b9   Thumb Code     2  use_no_semi.o(.text)
    __semihosting_library_function           0x000002bb   Thumb Code     0  indicate_semi.o(.text)
    ADC0_InitSWTriggerCh6                    0x000002bd   Thumb Code   208  adc14.o(i.ADC0_InitSWTriggerCh6)
    ADC_In                                   0x0000039d   Thumb Code    48  adc14.o(i.ADC_In)
    CLK_Handler                              0x000003d5   Thumb Code    76  controlpins.o(i.CLK_Handler)
    CalcPeriodFromFrequency                  0x00000431   Thumb Code    66  timer32.o(i.CalcPeriodFromFrequency)
    ControlPin_CLK_Init                      0x00000481   Thumb Code    90  controlpins.o(i.ControlPin_CLK_Init)
    ControlPin_SI_Init                       0x000004ed   Thumb Code    88  controlpins.o(i.ControlPin_SI_Init)
    DisableSysTickTimer                      0x00000555   Thumb Code    38  systicktimer.o(i.DisableSysTickTimer)
    EnableSysTickTimer                       0x0000057b   Thumb Code    38  systicktimer.o(i.EnableSysTickTimer)
    INIT_Camera                              0x000005a1   Thumb Code    22  camera.o(i.INIT_Camera)
    LED1_Init                                0x000005bd   Thumb Code    62  leds.o(i.LED1_Init)
    LED2_Init                                0x00000601   Thumb Code   170  leds.o(i.LED2_Init)
    PORT1_IRQHandler                         0x000006b1   Thumb Code    88  camera.o(i.PORT1_IRQHandler)
    SI_Handler                               0x00000715   Thumb Code    72  controlpins.o(i.SI_Handler)
    Switch1_Init                             0x00000761   Thumb Code   106  switches.o(i.Switch1_Init)
    Switch1_Interrupt_Init                   0x000007d1   Thumb Code    74  camera.o(i.Switch1_Interrupt_Init)
    Switch2_Init                             0x00000829   Thumb Code   106  switches.o(i.Switch2_Init)
    Switch2_Interrupt_Init                   0x00000899   Thumb Code    74  camera.o(i.Switch2_Interrupt_Init)
    SysTickTimer_Init                        0x000008f1   Thumb Code    62  systicktimer.o(i.SysTickTimer_Init)
    SysTick_Handler                          0x00000939   Thumb Code    20  systicktimer.o(i.SysTick_Handler)
    SystemInit                               0x00000955   Thumb Code   186  system_msp432p4111.o(i.SystemInit)
    T32_INT1_IRQHandler                      0x00000a31   Thumb Code    24  timer32.o(i.T32_INT1_IRQHandler)
    T32_INT2_IRQHandler                      0x00000a55   Thumb Code    24  timer32.o(i.T32_INT2_IRQHandler)
    TIMER_A0_PWM_DutyCycle                   0x00000a79   Thumb Code    68  timera.o(i.TIMER_A0_PWM_DutyCycle)
    TIMER_A0_PWM_Init                        0x00000ac5   Thumb Code   300  timera.o(i.TIMER_A0_PWM_Init)
    TIMER_A2_PWM_DutyCycle                   0x00000c01   Thumb Code    70  timera.o(i.TIMER_A2_PWM_DutyCycle)
    TIMER_A2_PWM_Init                        0x00000c51   Thumb Code   162  timera.o(i.TIMER_A2_PWM_Init)
    Timer32_1_Init                           0x00000d05   Thumb Code    74  timer32.o(i.Timer32_1_Init)
    Toggle_Motor                             0x00000d61   Thumb Code    50  motor.o(i.Toggle_Motor)
    main                                     0x00000dc5   Thumb Code   436  camera.o(i.main)
    motor_init                               0x0000106d   Thumb Code   156  motor.o(i.motor_init)
    runningAverage                           0x00001115   Thumb Code    78  camera.o(i.runningAverage)
    servo_init                               0x0000116d   Thumb Code    18  servomotor.o(i.servo_init)
    servo_turn                               0x00001189   Thumb Code    34  servomotor.o(i.servo_turn)
    uart0_init                               0x000011ad   Thumb Code   152  uart.o(i.uart0_init)
    uart0_put                                0x00001251   Thumb Code    22  uart.o(i.uart0_put)
    uart0_putchar                            0x00001269   Thumb Code    20  uart.o(i.uart0_putchar)
    uart2_init                               0x00001281   Thumb Code   164  uart.o(i.uart2_init)
    uart2_put                                0x00001331   Thumb Code    22  uart.o(i.uart2_put)
    uart2_putchar                            0x00001349   Thumb Code    22  uart.o(i.uart2_putchar)
    __aeabi_d2f                              0x00001365   Thumb Code     0  d2f.o(x$fpl$d2f)
    _d2f                                     0x00001365   Thumb Code    98  d2f.o(x$fpl$d2f)
    __aeabi_dadd                             0x000013c9   Thumb Code     0  daddsub_clz.o(x$fpl$dadd)
    _dadd                                    0x000013c9   Thumb Code   332  daddsub_clz.o(x$fpl$dadd)
    __fpl_dcmp_Inf                           0x00001519   Thumb Code    24  dcmpi.o(x$fpl$dcmpinf)
    __aeabi_ddiv                             0x00001531   Thumb Code     0  ddiv.o(x$fpl$ddiv)
    _ddiv                                    0x00001531   Thumb Code   552  ddiv.o(x$fpl$ddiv)
    __aeabi_d2iz                             0x000017e1   Thumb Code     0  dfix.o(x$fpl$dfix)
    _dfix                                    0x000017e1   Thumb Code    94  dfix.o(x$fpl$dfix)
    __aeabi_d2uiz                            0x00001841   Thumb Code     0  dfixu.o(x$fpl$dfixu)
    _dfixu                                   0x00001841   Thumb Code    90  dfixu.o(x$fpl$dfixu)
    __aeabi_ui2d                             0x0000189b   Thumb Code     0  dflt_clz.o(x$fpl$dfltu)
    _dfltu                                   0x0000189b   Thumb Code    38  dflt_clz.o(x$fpl$dfltu)
    __aeabi_cdcmple                          0x000018c1   Thumb Code     0  dleqf.o(x$fpl$dleqf)
    _dcmple                                  0x000018c1   Thumb Code   120  dleqf.o(x$fpl$dleqf)
    __fpl_dcmple_InfNaN                      0x00001923   Thumb Code     0  dleqf.o(x$fpl$dleqf)
    __aeabi_dmul                             0x00001939   Thumb Code     0  dmul.o(x$fpl$dmul)
    _dmul                                    0x00001939   Thumb Code   332  dmul.o(x$fpl$dmul)
    __fpl_dnaninf                            0x00001a8d   Thumb Code   156  dnaninf.o(x$fpl$dnaninf)
    __fpl_dretinf                            0x00001b29   Thumb Code    12  dretinf.o(x$fpl$dretinf)
    __aeabi_cdrcmple                         0x00001b35   Thumb Code     0  drleqf.o(x$fpl$drleqf)
    _drcmple                                 0x00001b35   Thumb Code   108  drleqf.o(x$fpl$drleqf)
    __aeabi_dsub                             0x00001ba1   Thumb Code     0  daddsub_clz.o(x$fpl$dsub)
    _dsub                                    0x00001ba1   Thumb Code   464  daddsub_clz.o(x$fpl$dsub)
    __aeabi_f2d                              0x00001d75   Thumb Code     0  f2d.o(x$fpl$f2d)
    _f2d                                     0x00001d75   Thumb Code    86  f2d.o(x$fpl$f2d)
    __fpl_fnaninf                            0x00001dcb   Thumb Code   140  fnaninf.o(x$fpl$fnaninf)
    _fp_init                                 0x00001e57   Thumb Code    10  fpinit.o(x$fpl$fpinit)
    __fplib_config_fpu_vfp                   0x00001e5f   Thumb Code     0  fpinit.o(x$fpl$fpinit)
    __fplib_config_pureend_doubles           0x00001e5f   Thumb Code     0  fpinit.o(x$fpl$fpinit)
    __fpl_fretinf                            0x00001e61   Thumb Code    10  fretinf.o(x$fpl$fretinf)
    __I$use$fp                               0x00001e6a   Number         0  usenofp.o(x$fpl$usenofp)
    Region$$Table$$Base                      0x00001e6c   Number         0  anon$$obj.o(Region$$Table)
    Region$$Table$$Limit                     0x00001e8c   Number         0  anon$$obj.o(Region$$Table)
    SW1                                      0x20000000   Data           1  camera.o(.data)
    SW2                                      0x20000001   Data           1  camera.o(.data)
    tempCounter                              0x20000008   Data           4  controlpins.o(.data)
    g_sendData                               0x20000010   Data           1  controlpins.o(.data)
    SysTickPeriodicTask                      0x20000014   Data           4  systicktimer.o(.data)
    g_SysTickTimerCounter                    0x20000018   Data           4  systicktimer.o(.data)
    systemTimer                              0x20000020   Data           8  timer32.o(.data)
    Timer32_1_PeriodicTask                   0x20000028   Data           4  timer32.o(.data)
    Timer32_2_PeriodicTask                   0x2000002c   Data           4  timer32.o(.data)
    timeOut                                  0x20000038   Data           1  timer32.o(.data)
    SystemCoreClock                          0x2000003c   Data           4  system_msp432p4111.o(.data)
    data                                     0x20000040   Data         256  camera.o(.bss)
    line                                     0x20000140   Data         256  controlpins.o(.bss)
    __libspace_start                         0x20000268   Data          96  libspace.o(.bss)
    __temporary_stack_top$libspace           0x200002c8   Data           0  libspace.o(.bss)



==============================================================================

Memory Map of the image

  Image Entry point : 0x00000205

  Load Region LR_1 (Base: 0x00000000, Size: 0x00001ecc, Max: 0xffffffff, ABSOLUTE)

    Execution Region ER_RO (Exec base: 0x00000000, Load base: 0x00000000, Size: 0x00001e8c, Max: 0xffffffff, ABSOLUTE)

    Exec Addr    Load Addr    Size         Type   Attr      Idx    E Section Name        Object

    0x00000000   0x00000000   0x00000144   Data   RO          814    RESET               startup_msp432p4111_uvision.o
    0x00000144   0x00000144   0x00000008   Code   RO          863  * !!!main             c_w.l(__main.o)
    0x0000014c   0x0000014c   0x00000034   Code   RO         1073    !!!scatter          c_w.l(__scatter.o)
    0x00000180   0x00000180   0x0000001a   Code   RO         1075    !!handler_copy      c_w.l(__scatter_copy.o)
    0x0000019a   0x0000019a   0x00000002   PAD
    0x0000019c   0x0000019c   0x0000001c   Code   RO         1077    !!handler_zi        c_w.l(__scatter_zi.o)
    0x000001b8   0x000001b8   0x00000002   Code   RO          943    .ARM.Collect$$libinit$$00000000  c_w.l(libinit.o)
    0x000001ba   0x000001ba   0x00000004   Code   RO          949    .ARM.Collect$$libinit$$00000001  c_w.l(libinit2.o)
    0x000001be   0x000001be   0x00000000   Code   RO          952    .ARM.Collect$$libinit$$00000004  c_w.l(libinit2.o)
    0x000001be   0x000001be   0x00000000   Code   RO          955    .ARM.Collect$$libinit$$0000000A  c_w.l(libinit2.o)
    0x000001be   0x000001be   0x00000000   Code   RO          957    .ARM.Collect$$libinit$$0000000C  c_w.l(libinit2.o)
    0x000001be   0x000001be   0x00000000   Code   RO          959    .ARM.Collect$$libinit$$0000000E  c_w.l(libinit2.o)
    0x000001be   0x000001be   0x00000000   Code   RO          962    .ARM.Collect$$libinit$$00000011  c_w.l(libinit2.o)
    0x000001be   0x000001be   0x00000000   Code   RO          964    .ARM.Collect$$libinit$$00000013  c_w.l(libinit2.o)
    0x000001be   0x000001be   0x00000000   Code   RO          966    .ARM.Collect$$libinit$$00000015  c_w.l(libinit2.o)
    0x000001be   0x000001be   0x00000000   Code   RO          968    .ARM.Collect$$libinit$$00000017  c_w.l(libinit2.o)
    0x000001be   0x000001be   0x00000000   Code   RO          970    .ARM.Collect$$libinit$$00000019  c_w.l(libinit2.o)
    0x000001be   0x000001be   0x00000000   Code   RO          972    .ARM.Collect$$libinit$$0000001B  c_w.l(libinit2.o)
    0x000001be   0x000001be   0x00000000   Code   RO          974    .ARM.Collect$$libinit$$0000001D  c_w.l(libinit2.o)
    0x000001be   0x000001be   0x00000000   Code   RO          976    .ARM.Collect$$libinit$$0000001F  c_w.l(libinit2.o)
    0x000001be   0x000001be   0x00000000   Code   RO          978    .ARM.Collect$$libinit$$00000021  c_w.l(libinit2.o)
    0x000001be   0x000001be   0x00000000   Code   RO          980    .ARM.Collect$$libinit$$00000023  c_w.l(libinit2.o)
    0x000001be   0x000001be   0x00000000   Code   RO          982    .ARM.Collect$$libinit$$00000025  c_w.l(libinit2.o)
    0x000001be   0x000001be   0x00000000   Code   RO          986    .ARM.Collect$$libinit$$0000002C  c_w.l(libinit2.o)
    0x000001be   0x000001be   0x00000000   Code   RO          988    .ARM.Collect$$libinit$$0000002E  c_w.l(libinit2.o)
    0x000001be   0x000001be   0x00000000   Code   RO          990    .ARM.Collect$$libinit$$00000030  c_w.l(libinit2.o)
    0x000001be   0x000001be   0x00000000   Code   RO          992    .ARM.Collect$$libinit$$00000032  c_w.l(libinit2.o)
    0x000001be   0x000001be   0x00000002   Code   RO          993    .ARM.Collect$$libinit$$00000033  c_w.l(libinit2.o)
    0x000001c0   0x000001c0   0x00000002   Code   RO         1013    .ARM.Collect$$libshutdown$$00000000  c_w.l(libshutdown.o)
    0x000001c2   0x000001c2   0x00000000   Code   RO         1026    .ARM.Collect$$libshutdown$$00000002  c_w.l(libshutdown2.o)
    0x000001c2   0x000001c2   0x00000000   Code   RO         1028    .ARM.Collect$$libshutdown$$00000004  c_w.l(libshutdown2.o)
    0x000001c2   0x000001c2   0x00000000   Code   RO         1031    .ARM.Collect$$libshutdown$$00000007  c_w.l(libshutdown2.o)
    0x000001c2   0x000001c2   0x00000000   Code   RO         1034    .ARM.Collect$$libshutdown$$0000000A  c_w.l(libshutdown2.o)
    0x000001c2   0x000001c2   0x00000000   Code   RO         1036    .ARM.Collect$$libshutdown$$0000000C  c_w.l(libshutdown2.o)
    0x000001c2   0x000001c2   0x00000000   Code   RO         1039    .ARM.Collect$$libshutdown$$0000000F  c_w.l(libshutdown2.o)
    0x000001c2   0x000001c2   0x00000002   Code   RO         1040    .ARM.Collect$$libshutdown$$00000010  c_w.l(libshutdown2.o)
    0x000001c4   0x000001c4   0x00000000   Code   RO          905    .ARM.Collect$$rtentry$$00000000  c_w.l(__rtentry.o)
    0x000001c4   0x000001c4   0x00000000   Code   RO          920    .ARM.Collect$$rtentry$$00000002  c_w.l(__rtentry2.o)
    0x000001c4   0x000001c4   0x00000006   Code   RO          932    .ARM.Collect$$rtentry$$00000004  c_w.l(__rtentry4.o)
    0x000001ca   0x000001ca   0x00000000   Code   RO          922    .ARM.Collect$$rtentry$$00000009  c_w.l(__rtentry2.o)
    0x000001ca   0x000001ca   0x00000004   Code   RO          923    .ARM.Collect$$rtentry$$0000000A  c_w.l(__rtentry2.o)
    0x000001ce   0x000001ce   0x00000000   Code   RO          925    .ARM.Collect$$rtentry$$0000000C  c_w.l(__rtentry2.o)
    0x000001ce   0x000001ce   0x00000008   Code   RO          926    .ARM.Collect$$rtentry$$0000000D  c_w.l(__rtentry2.o)
    0x000001d6   0x000001d6   0x00000002   Code   RO          947    .ARM.Collect$$rtexit$$00000000  c_w.l(rtexit.o)
    0x000001d8   0x000001d8   0x00000000   Code   RO          995    .ARM.Collect$$rtexit$$00000002  c_w.l(rtexit2.o)
    0x000001d8   0x000001d8   0x00000004   Code   RO          996    .ARM.Collect$$rtexit$$00000003  c_w.l(rtexit2.o)
    0x000001dc   0x000001dc   0x00000006   Code   RO          997    .ARM.Collect$$rtexit$$00000004  c_w.l(rtexit2.o)
    0x000001e2   0x000001e2   0x00000002   PAD
    0x000001e4   0x000001e4   0x00000020   Code   RO          220    .emb_text           cortexm.o
    0x00000204   0x00000204   0x0000003c   Code   RO          815  * .text               startup_msp432p4111_uvision.o
    0x00000240   0x00000240   0x00000006   Code   RO          861    .text               c_w.l(heapauxi.o)
    0x00000246   0x00000246   0x0000004a   Code   RO          934    .text               c_w.l(sys_stackheap_outer.o)
    0x00000290   0x00000290   0x00000012   Code   RO          936    .text               c_w.l(exit.o)
    0x000002a2   0x000002a2   0x00000002   PAD
    0x000002a4   0x000002a4   0x00000008   Code   RO          944    .text               c_w.l(libspace.o)
    0x000002ac   0x000002ac   0x0000000c   Code   RO         1005    .text               c_w.l(sys_exit.o)
    0x000002b8   0x000002b8   0x00000002   Code   RO         1016    .text               c_w.l(use_no_semi.o)
    0x000002ba   0x000002ba   0x00000000   Code   RO         1018    .text               c_w.l(indicate_semi.o)
    0x000002ba   0x000002ba   0x00000002   PAD
    0x000002bc   0x000002bc   0x000000e0   Code   RO            4    i.ADC0_InitSWTriggerCh6  adc14.o
    0x0000039c   0x0000039c   0x00000038   Code   RO            5    i.ADC_In            adc14.o
    0x000003d4   0x000003d4   0x0000005c   Code   RO          171    i.CLK_Handler       controlpins.o
    0x00000430   0x00000430   0x00000050   Code   RO          344    i.CalcPeriodFromFrequency  timer32.o
    0x00000480   0x00000480   0x0000006c   Code   RO          172    i.ControlPin_CLK_Init  controlpins.o
    0x000004ec   0x000004ec   0x00000068   Code   RO          173    i.ControlPin_SI_Init  controlpins.o
    0x00000554   0x00000554   0x00000026   Code   RO          299    i.DisableSysTickTimer  systicktimer.o
    0x0000057a   0x0000057a   0x00000026   Code   RO          300    i.EnableSysTickTimer  systicktimer.o
    0x000005a0   0x000005a0   0x0000001c   Code   RO           78    i.INIT_Camera       camera.o
    0x000005bc   0x000005bc   0x00000044   Code   RO          239    i.LED1_Init         leds.o
    0x00000600   0x00000600   0x000000b0   Code   RO          243    i.LED2_Init         leds.o
    0x000006b0   0x000006b0   0x00000064   Code   RO           79    i.PORT1_IRQHandler  camera.o
    0x00000714   0x00000714   0x0000004c   Code   RO          174    i.SI_Handler        controlpins.o
    0x00000760   0x00000760   0x00000070   Code   RO          770    i.Switch1_Init      switches.o
    0x000007d0   0x000007d0   0x00000058   Code   RO           80    i.Switch1_Interrupt_Init  camera.o
    0x00000828   0x00000828   0x00000070   Code   RO          772    i.Switch2_Init      switches.o
    0x00000898   0x00000898   0x00000058   Code   RO           81    i.Switch2_Interrupt_Init  camera.o
    0x000008f0   0x000008f0   0x00000048   Code   RO          301    i.SysTickTimer_Init  systicktimer.o
    0x00000938   0x00000938   0x0000001c   Code   RO          302    i.SysTick_Handler   systicktimer.o
    0x00000954   0x00000954   0x000000dc   Code   RO          823    i.SystemInit        system_msp432p4111.o
    0x00000a30   0x00000a30   0x00000024   Code   RO          346    i.T32_INT1_IRQHandler  timer32.o
    0x00000a54   0x00000a54   0x00000024   Code   RO          347    i.T32_INT2_IRQHandler  timer32.o
    0x00000a78   0x00000a78   0x0000004c   Code   RO          536    i.TIMER_A0_PWM_DutyCycle  timera.o
    0x00000ac4   0x00000ac4   0x0000013c   Code   RO          537    i.TIMER_A0_PWM_Init  timera.o
    0x00000c00   0x00000c00   0x00000050   Code   RO          538    i.TIMER_A2_PWM_DutyCycle  timera.o
    0x00000c50   0x00000c50   0x000000b4   Code   RO          539    i.TIMER_A2_PWM_Init  timera.o
    0x00000d04   0x00000d04   0x0000005c   Code   RO          348    i.Timer32_1_Init    timer32.o
    0x00000d60   0x00000d60   0x0000003c   Code   RO          580    i.Toggle_Motor      motor.o
    0x00000d9c   0x00000d9c   0x00000028   Code   RO          350    i.__NVIC_SetPriority  timer32.o
    0x00000dc4   0x00000dc4   0x000002a8   Code   RO           82    i.main              camera.o
    0x0000106c   0x0000106c   0x000000a8   Code   RO          581    i.motor_init        motor.o
    0x00001114   0x00001114   0x00000058   Code   RO           84    i.runningAverage    camera.o
    0x0000116c   0x0000116c   0x0000001c   Code   RO          491    i.servo_init        servomotor.o
    0x00001188   0x00001188   0x00000022   Code   RO          492    i.servo_turn        servomotor.o
    0x000011aa   0x000011aa   0x00000002   PAD
    0x000011ac   0x000011ac   0x000000a4   Code   RO          412    i.uart0_init        uart.o
    0x00001250   0x00001250   0x00000016   Code   RO          413    i.uart0_put         uart.o
    0x00001266   0x00001266   0x00000002   PAD
    0x00001268   0x00001268   0x00000018   Code   RO          414    i.uart0_putchar     uart.o
    0x00001280   0x00001280   0x000000b0   Code   RO          417    i.uart2_init        uart.o
    0x00001330   0x00001330   0x00000016   Code   RO          418    i.uart2_put         uart.o
    0x00001346   0x00001346   0x00000002   PAD
    0x00001348   0x00001348   0x0000001c   Code   RO          419    i.uart2_putchar     uart.o
    0x00001364   0x00001364   0x00000062   Code   RO          865    x$fpl$d2f           fz_wm.l(d2f.o)
    0x000013c6   0x000013c6   0x00000002   PAD
    0x000013c8   0x000013c8   0x00000150   Code   RO          867    x$fpl$dadd          fz_wm.l(daddsub_clz.o)
    0x00001518   0x00001518   0x00000018   Code   RO          908    x$fpl$dcmpinf       fz_wm.l(dcmpi.o)
    0x00001530   0x00001530   0x000002b0   Code   RO          874    x$fpl$ddiv          fz_wm.l(ddiv.o)
    0x000017e0   0x000017e0   0x0000005e   Code   RO          877    x$fpl$dfix          fz_wm.l(dfix.o)
    0x0000183e   0x0000183e   0x00000002   PAD
    0x00001840   0x00001840   0x0000005a   Code   RO          881    x$fpl$dfixu         fz_wm.l(dfixu.o)
    0x0000189a   0x0000189a   0x00000026   Code   RO          885    x$fpl$dfltu         fz_wm.l(dflt_clz.o)
    0x000018c0   0x000018c0   0x00000078   Code   RO          891    x$fpl$dleqf         fz_wm.l(dleqf.o)
    0x00001938   0x00001938   0x00000154   Code   RO          893    x$fpl$dmul          fz_wm.l(dmul.o)
    0x00001a8c   0x00001a8c   0x0000009c   Code   RO          910    x$fpl$dnaninf       fz_wm.l(dnaninf.o)
    0x00001b28   0x00001b28   0x0000000c   Code   RO          912    x$fpl$dretinf       fz_wm.l(dretinf.o)
    0x00001b34   0x00001b34   0x0000006c   Code   RO          895    x$fpl$drleqf        fz_wm.l(drleqf.o)
    0x00001ba0   0x00001ba0   0x000001d4   Code   RO          869    x$fpl$dsub          fz_wm.l(daddsub_clz.o)
    0x00001d74   0x00001d74   0x00000056   Code   RO          897    x$fpl$f2d           fz_wm.l(f2d.o)
    0x00001dca   0x00001dca   0x0000008c   Code   RO          914    x$fpl$fnaninf       fz_wm.l(fnaninf.o)
    0x00001e56   0x00001e56   0x0000000a   Code   RO         1003    x$fpl$fpinit        fz_wm.l(fpinit.o)
    0x00001e60   0x00001e60   0x0000000a   Code   RO          916    x$fpl$fretinf       fz_wm.l(fretinf.o)
    0x00001e6a   0x00001e6a   0x00000000   Code   RO          918    x$fpl$usenofp       fz_wm.l(usenofp.o)
    0x00001e6a   0x00001e6a   0x00000002   PAD
    0x00001e6c   0x00001e6c   0x00000020   Data   RO         1071    Region$$Table       anon$$obj.o


    Execution Region ER_RW (Exec base: 0x20000000, Load base: 0x00001e8c, Size: 0x00000040, Max: 0xffffffff, ABSOLUTE)

    Exec Addr    Load Addr    Size         Type   Attr      Idx    E Section Name        Object

    0x20000000   0x00001e8c   0x00000008   Data   RW           86    .data               camera.o
    0x20000008   0x00001e94   0x00000009   Data   RW          176    .data               controlpins.o
    0x20000011   0x00001e9d   0x00000003   PAD
    0x20000014   0x00001ea0   0x00000008   Data   RW          303    .data               systicktimer.o
    0x2000001c   0x00001ea8   0x00000004   PAD
    0x20000020   0x00001eac   0x00000019   Data   RW          351    .data               timer32.o
    0x20000039   0x00001ec5   0x00000003   PAD
    0x2000003c   0x00001ec8   0x00000004   Data   RW          824    .data               system_msp432p4111.o


    Execution Region ER_ZI (Exec base: 0x20000040, Load base: 0x00001ecc, Size: 0x00000688, Max: 0xffffffff, ABSOLUTE)

    Exec Addr    Load Addr    Size         Type   Attr      Idx    E Section Name        Object

    0x20000040        -       0x00000100   Zero   RW           85    .bss                camera.o
    0x20000140        -       0x00000100   Zero   RW          175    .bss                controlpins.o
    0x20000240        -       0x00000028   Zero   RW          540    .bss                timera.o
    0x20000268        -       0x00000060   Zero   RW          945    .bss                c_w.l(libspace.o)
    0x200002c8        -       0x00000000   Zero   RW          813    HEAP                startup_msp432p4111_uvision.o
    0x200002c8        -       0x00000400   Zero   RW          812    STACK               startup_msp432p4111_uvision.o


==============================================================================

Image component sizes


      Code (inc. data)   RO Data    RW Data    ZI Data      Debug   Object Name

       280         24          0          0          0     297385   adc14.o
      1072        300          0          8        256       6092   camera.o
       380         54          0          9        256       2916   controlpins.o
        32          0          0          0          0        560   cortexm.o
       244         12          0          0          0        888   leds.o
       228         22          0          0          0        984   motor.o
        62         10          0          0          0        986   servomotor.o
        60         22        324          0       1024        916   startup_msp432p4111_uvision.o
       224         12          0          0          0        902   switches.o
       220         34          0          4          0        815   system_msp432p4111.o
       176         18          0          8          0       2661   systicktimer.o
       284         64          0         25          0       3619   timer32.o
       652         52          0          0         40       3634   timera.o
       436         34          0          0          0       2874   uart.o

    ----------------------------------------------------------------------
      4356        658        356         64       1576     325232   Object Totals
         0          0         32          0          0          0   (incl. Generated)
         6          0          0         10          0          0   (incl. Padding)

    ----------------------------------------------------------------------

      Code (inc. data)   RO Data    RW Data    ZI Data      Debug   Library Member Name

         8          0          0          0          0         68   __main.o
         0          0          0          0          0          0   __rtentry.o
        12          0          0          0          0          0   __rtentry2.o
         6          0          0          0          0          0   __rtentry4.o
        52          8          0          0          0          0   __scatter.o
        26          0          0          0          0          0   __scatter_copy.o
        28          0          0          0          0          0   __scatter_zi.o
        18          0          0          0          0         80   exit.o
         6          0          0          0          0        152   heapauxi.o
         0          0          0          0          0          0   indicate_semi.o
         2          0          0          0          0          0   libinit.o
         6          0          0          0          0          0   libinit2.o
         2          0          0          0          0          0   libshutdown.o
         2          0          0          0          0          0   libshutdown2.o
         8          4          0          0         96         68   libspace.o
         2          0          0          0          0          0   rtexit.o
        10          0          0          0          0          0   rtexit2.o
        12          4          0          0          0         68   sys_exit.o
        74          0          0          0          0         80   sys_stackheap_outer.o
         2          0          0          0          0         68   use_no_semi.o
        98          4          0          0          0        140   d2f.o
       804         16          0          0          0        368   daddsub_clz.o
        24          0          0          0          0        116   dcmpi.o
       688        140          0          0          0        256   ddiv.o
        94          4          0          0          0        140   dfix.o
        90          4          0          0          0        140   dfixu.o
        38          0          0          0          0        116   dflt_clz.o
       120          4          0          0          0        140   dleqf.o
       340         12          0          0          0        152   dmul.o
       156          4          0          0          0        140   dnaninf.o
        12          0          0          0          0        116   dretinf.o
       108          0          0          0          0        128   drleqf.o
        86          4          0          0          0        132   f2d.o
       140          4          0          0          0        132   fnaninf.o
        10          0          0          0          0        116   fpinit.o
        10          0          0          0          0        116   fretinf.o
         0          0          0          0          0          0   usenofp.o

    ----------------------------------------------------------------------
      3108        212          0          0         96       3032   Library Totals
        14          0          0          0          0          0   (incl. Padding)

    ----------------------------------------------------------------------

      Code (inc. data)   RO Data    RW Data    ZI Data      Debug   Library Name

       276         16          0          0         96        584   c_w.l
      2818        196          0          0          0       2448   fz_wm.l

    ----------------------------------------------------------------------
      3108        212          0          0         96       3032   Library Totals

    ----------------------------------------------------------------------

==============================================================================


      Code (inc. data)   RO Data    RW Data    ZI Data      Debug   

      7464        870        356         64       1672     322808   Grand Totals
      7464        870        356         64       1672     322808   ELF Image Totals
      7464        870        356         64          0          0   ROM Totals

==============================================================================

    Total RO  Size (Code + RO Data)                 7820 (   7.64kB)
    Total RW  Size (RW Data + ZI Data)              1736 (   1.70kB)
    Total ROM Size (Code + RO Data + RW Data)       7884 (   7.70kB)

==============================================================================

